Archive member included to satisfy reference by file (symbol)

.\CortexM0\ARM_GCC_541\Debug\Prototype01.a(UART1.o)
                              .\CortexM0\ARM_GCC_541\Debug\main.o (UART1_Start)
.\CortexM0\ARM_GCC_541\Debug\Prototype01.a(UART1_UART.o)
                              .\CortexM0\ARM_GCC_541\Debug\Prototype01.a(UART1.o) (UART1_UartInit)
.\CortexM0\ARM_GCC_541\Debug\Prototype01.a(IR.o)
                              .\CortexM0\ARM_GCC_541\Debug\main.o (IR_Read)
.\CortexM0\ARM_GCC_541\Debug\Prototype01.a(LED.o)
                              .\CortexM0\ARM_GCC_541\Debug\main.o (LED_Write)
.\CortexM0\ARM_GCC_541\Debug\Prototype01.a(CyLib.o)
                              .\CortexM0\ARM_GCC_541\Debug\cyfitter_cfg.o (CyIntEnable)
.\CortexM0\ARM_GCC_541\Debug\Prototype01.a(CyLFClk.o)
                              .\CortexM0\ARM_GCC_541\Debug\Prototype01.a(CyLib.o) (CySysClkWcoEnabled)
.\CortexM0\ARM_GCC_541\Debug\Prototype01.a(Timer1.o)
                              .\CortexM0\ARM_GCC_541\Debug\main.o (Timer1_Enable)
.\CortexM0\ARM_GCC_541\Debug\Prototype01.a(ISR1.o)
                              .\CortexM0\ARM_GCC_541\Debug\main.o (ISR1_Enable)
.\CortexM0\ARM_GCC_541\Debug\Prototype01.a(Timer2.o)
                              .\CortexM0\ARM_GCC_541\Debug\main.o (Timer2_ReadStatusRegister)
.\CortexM0\ARM_GCC_541\Debug\Prototype01.a(CyBootAsmGnu.o)
                              .\CortexM0\ARM_GCC_541\Debug\Prototype01.a(CyLib.o) (CyDelayCycles)
.\CortexM0\ARM_GCC_541\Debug\Prototype01.a(UART1_SPI_UART.o)
                              .\CortexM0\ARM_GCC_541\Debug\Prototype01.a(UART1_UART.o) (UART1_SpiUartReadRxData)
.\CortexM0\ARM_GCC_541\Debug\Prototype01.a(CyFlash.o)
                              .\CortexM0\ARM_GCC_541\Debug\Prototype01.a(CyLib.o) (CySysFlashSetWaitCycles)
c:/program files (x86)/cypress/psoc creator/4.3/psoc creator/import/gnu/arm/5.4.1/bin/../lib/gcc/arm-none-eabi/5.4.1/armv6-m\libgcc.a(_udivsi3.o)
                              .\CortexM0\ARM_GCC_541\Debug\Prototype01.a(CyLib.o) (__aeabi_uidiv)
c:/program files (x86)/cypress/psoc creator/4.3/psoc creator/import/gnu/arm/5.4.1/bin/../lib/gcc/arm-none-eabi/5.4.1/armv6-m\libgcc.a(_divsi3.o)
                              .\CortexM0\ARM_GCC_541\Debug\Prototype01.a(CyLFClk.o) (__aeabi_idiv)
c:/program files (x86)/cypress/psoc creator/4.3/psoc creator/import/gnu/arm/5.4.1/bin/../lib/gcc/arm-none-eabi/5.4.1/armv6-m\libgcc.a(_dvmd_tls.o)
                              c:/program files (x86)/cypress/psoc creator/4.3/psoc creator/import/gnu/arm/5.4.1/bin/../lib/gcc/arm-none-eabi/5.4.1/armv6-m\libgcc.a(_udivsi3.o) (__aeabi_idiv0)
c:/program files (x86)/cypress/psoc creator/4.3/psoc creator/import/gnu/arm/5.4.1/bin/../lib/gcc/arm-none-eabi/5.4.1/../../../../arm-none-eabi/lib/armv6-m\libg_nano.a(lib_a-errno.o)
                              .\CortexM0\ARM_GCC_541\Debug\Cm0Start.o (__errno)
c:/program files (x86)/cypress/psoc creator/4.3/psoc creator/import/gnu/arm/5.4.1/bin/../lib/gcc/arm-none-eabi/5.4.1/../../../../arm-none-eabi/lib/armv6-m\libg_nano.a(lib_a-exit.o)
                              c:/program files (x86)/cypress/psoc creator/4.3/psoc creator/import/gnu/arm/5.4.1/bin/../lib/gcc/arm-none-eabi/5.4.1/../../../../arm-none-eabi/lib/armv6-m/crt0.o (exit)
c:/program files (x86)/cypress/psoc creator/4.3/psoc creator/import/gnu/arm/5.4.1/bin/../lib/gcc/arm-none-eabi/5.4.1/../../../../arm-none-eabi/lib/armv6-m\libg_nano.a(lib_a-impure.o)
                              c:/program files (x86)/cypress/psoc creator/4.3/psoc creator/import/gnu/arm/5.4.1/bin/../lib/gcc/arm-none-eabi/5.4.1/../../../../arm-none-eabi/lib/armv6-m\libg_nano.a(lib_a-exit.o) (_global_impure_ptr)
c:/program files (x86)/cypress/psoc creator/4.3/psoc creator/import/gnu/arm/5.4.1/bin/../lib/gcc/arm-none-eabi/5.4.1/../../../../arm-none-eabi/lib/armv6-m\libg_nano.a(lib_a-init.o)
                              c:/program files (x86)/cypress/psoc creator/4.3/psoc creator/import/gnu/arm/5.4.1/bin/../lib/gcc/arm-none-eabi/5.4.1/../../../../arm-none-eabi/lib/armv6-m/crt0.o (__libc_init_array)
c:/program files (x86)/cypress/psoc creator/4.3/psoc creator/import/gnu/arm/5.4.1/bin/../lib/gcc/arm-none-eabi/5.4.1/../../../../arm-none-eabi/lib/armv6-m\libg_nano.a(lib_a-memcpy-stub.o)
                              .\CortexM0\ARM_GCC_541\Debug\Prototype01.a(CyFlash.o) (memcpy)
c:/program files (x86)/cypress/psoc creator/4.3/psoc creator/import/gnu/arm/5.4.1/bin/../lib/gcc/arm-none-eabi/5.4.1/../../../../arm-none-eabi/lib/armv6-m\libg_nano.a(lib_a-memset.o)
                              c:/program files (x86)/cypress/psoc creator/4.3/psoc creator/import/gnu/arm/5.4.1/bin/../lib/gcc/arm-none-eabi/5.4.1/../../../../arm-none-eabi/lib/armv6-m/crt0.o (memset)
c:/program files (x86)/cypress/psoc creator/4.3/psoc creator/import/gnu/arm/5.4.1/bin/../lib/gcc/arm-none-eabi/5.4.1/../../../../arm-none-eabi/lib/armv6-m\libg_nano.a(lib_a-snprintf.o)
[...]
Memory Configuration

Name             Origin             Length             Attributes
rom              0x00000000         0x00020000         xr
ram              0x20000000         0x00004000         xrw
*default*        0x00000000         0xffffffff

Linker script and memory map

LOAD c:/program files (x86)/cypress/psoc creator/4.3/psoc creator/import/gnu/arm/5.4.1/bin/../lib/gcc/arm-none-eabi/5.4.1/armv6-m/crti.o
LOAD c:/program files (x86)/cypress/psoc creator/4.3/psoc creator/import/gnu/arm/5.4.1/bin/../lib/gcc/arm-none-eabi/5.4.1/armv6-m/crtbegin.o
LOAD c:/program files (x86)/cypress/psoc creator/4.3/psoc creator/import/gnu/arm/5.4.1/bin/../lib/gcc/arm-none-eabi/5.4.1/../../../../arm-none-eabi/lib/armv6-m/crt0.o
START GROUP
LOAD .\CortexM0\ARM_GCC_541\Debug\main.o
LOAD .\CortexM0\ARM_GCC_541\Debug\cyfitter_cfg.o
LOAD .\CortexM0\ARM_GCC_541\Debug\cymetadata.o
LOAD .\CortexM0\ARM_GCC_541\Debug\Cm0Start.o
LOAD .\CortexM0\ARM_GCC_541\Debug\Prototype01.a
END GROUP
START GROUP
LOAD c:/program files (x86)/cypress/psoc creator/4.3/psoc creator/import/gnu/arm/5.4.1/bin/../lib/gcc/arm-none-eabi/5.4.1/armv6-m\libgcc.a
LOAD c:/program files (x86)/cypress/psoc creator/4.3/psoc creator/import/gnu/arm/5.4.1/bin/../lib/gcc/arm-none-eabi/5.4.1/../../../../arm-none-eabi/lib/armv6-m\libg_nano.a
LOAD c:/program files (x86)/cypress/psoc creator/4.3/psoc creator/import/gnu/arm/5.4.1/bin/../lib/gcc/arm-none-eabi/5.4.1/../../../../arm-none-eabi/lib/armv6-m\libc_nano.a
END GROUP
START GROUP
LOAD c:/program files (x86)/cypress/psoc creator/4.3/psoc creator/import/gnu/arm/5.4.1/bin/../lib/gcc/arm-none-eabi/5.4.1/armv6-m\libgcc.a
LOAD c:/program files (x86)/cypress/psoc creator/4.3/psoc creator/import/gnu/arm/5.4.1/bin/../lib/gcc/arm-none-eabi/5.4.1/../../../../arm-none-eabi/lib/armv6-m\libc_nano.a
END GROUP
LOAD c:/program files (x86)/cypress/psoc creator/4.3/psoc creator/import/gnu/arm/5.4.1/bin/../lib/gcc/arm-none-eabi/5.4.1/armv6-m/crtend.o
LOAD c:/program files (x86)/cypress/psoc creator/4.3/psoc creator/import/gnu/arm/5.4.1/bin/../lib/gcc/arm-none-eabi/5.4.1/armv6-m/crtn.o
START GROUP
LOAD c:/program files (x86)/cypress/psoc creator/4.3/psoc creator/import/gnu/arm/5.4.1/bin/../lib/gcc/arm-none-eabi/5.4.1/armv6-m\libgcc.a
LOAD c:/program files (x86)/cypress/psoc creator/4.3/psoc creator/import/gnu/arm/5.4.1/bin/../lib/gcc/arm-none-eabi/5.4.1/../../../../arm-none-eabi/lib/armv6-m\libc.a
LOAD c:/program files (x86)/cypress/psoc creator/4.3/psoc creator/import/gnu/arm/5.4.1/bin/../lib/gcc/arm-none-eabi/5.4.1/../../../../arm-none-eabi/lib/armv6-m\libnosys.a
END GROUP
                0x00000000                CY_APPL_ORIGIN = 0x0
                0x00000080                CY_FLASH_ROW_SIZE = 0x80
                0x00000001                CY_APPL_NUM = 0x1
                0x00000001                CY_APPL_MAX = 0x1
                0x00000040                CY_METADATA_SIZE = 0x40
                0x00000000                CY_APPL_LOADABLE = 0x0
                0x00000000                CY_CHECKSUM_EXCLUDE_SIZE = ALIGN (0x0, CY_FLASH_ROW_SIZE)
                0x00000000                CY_APP_FOR_STACK_AND_COPIER = 0x0
                [!provide]                PROVIDE (__cy_heap_start, _end)
                0x00000001                PROVIDE (__cy_region_num, ((__cy_regions_end - __cy_regions) / 0x10))
                0x20004000                PROVIDE (__cy_stack, (ORIGIN (ram) + LENGTH (ram)))
                [!provide]                PROVIDE (__cy_heap_end, (__cy_stack - 0x800))

.cybootloader   0x00000000        0x0
 *(.cybootloader)
                0x00000000                appl1_start = CY_APPL_ORIGIN?CY_APPL_ORIGIN:ALIGN (CY_FLASH_ROW_SIZE)
                0x0000ff80                appl2_start = (appl1_start + ALIGN ((((LENGTH (rom) - appl1_start) - (0x2 * CY_FLASH_ROW_SIZE)) / 0x2), CY_FLASH_ROW_SIZE))
                0x00000000                appl_start = (CY_APPL_NUM == 0x1)?appl1_start:appl2_start
                0x00000001                cy_project_type_bootloader = (appl_start == 0x0)?0x1:0x0
                0x00000000                cy_project_type_app_for_stack_and_copier = (CY_APP_FOR_STACK_AND_COPIER == 0x1)?0x1:0x0

.text           0x00000000     0x1652
 CREATE_OBJECT_SYMBOLS
                0x00000000                PROVIDE (__cy_interrupt_vector, RomVectors)
 *(.romvectors)
 .romvectors    0x00000000       0x10 .\CortexM0\ARM_GCC_541\Debug\Cm0Start.o
                0x00000000                RomVectors
                0x00000001                ASSERT ((. != __cy_interrupt_vector), No interrupt vector)
                0x00000001                ASSERT (CY_APPL_ORIGIN?(SIZEOF (.cybootloader) <= CY_APPL_ORIGIN):0x1, Wrong image location)
                0x00000010                PROVIDE (__cy_reset, Reset)
 *(.text.Reset)
 .text.Reset    0x00000010        0x8 .\CortexM0\ARM_GCC_541\Debug\Cm0Start.o
                0x00000010                Reset
                0x00000001                ASSERT ((. != __cy_reset), No reset code)
 *(.psocinit)
 .psocinit      0x00000018      0x1d8 .\CortexM0\ARM_GCC_541\Debug\cyfitter_cfg.o
                0x000000d0                cyfitter_cfg
                0x000001f0                . = MAX (., 0x100)
 *(.text .text.* .gnu.linkonce.t.*)
 .text          0x000001f0       0x60 c:/program files (x86)/cypress/psoc creator/4.3/psoc creator/import/gnu/arm/5.4.1/bin/../lib/gcc/arm-none-eabi/5.4.1/armv6-m/crtbegin.o
 .text.do_capture
                0x00000250       0x24 .\CortexM0\ARM_GCC_541\Debug\main.o
                0x00000250                do_capture
 .text.Puts     0x00000274        0x8 .\CortexM0\ARM_GCC_541\Debug\main.o
                0x00000274                Puts
 .text.main     0x0000027c      0x124 .\CortexM0\ARM_GCC_541\Debug\main.o
                0x0000027c                main
 .text.cfg_write_bytes32
                0x000003a0       0x34 .\CortexM0\ARM_GCC_541\Debug\cyfitter_cfg.o
 .text.AnalogSetDefault
                0x000003d4       0x20 .\CortexM0\ARM_GCC_541\Debug\cyfitter_cfg.o
 .text.CYMEMZERO
                0x000003f4        0xc .\CortexM0\ARM_GCC_541\Debug\cyfitter_cfg.o
 .text.IntDefaultHandler
                0x00000400       0x10 .\CortexM0\ARM_GCC_541\Debug\Cm0Start.o
                0x00000400                IntDefaultHandler
 .text._sbrk    0x00000410       0x30 .\CortexM0\ARM_GCC_541\Debug\Cm0Start.o
                0x00000410                _sbrk
 .text.Start_c  0x00000440       0x48 .\CortexM0\ARM_GCC_541\Debug\Cm0Start.o
                0x00000440                Start_c
 .text.initialize_psoc
                0x00000488       0x4c .\CortexM0\ARM_GCC_541\Debug\Cm0Start.o
                0x00000488                initialize_psoc
 .text.UART1_ScbModePostEnable
                0x000004d4        0x8 .\CortexM0\ARM_GCC_541\Debug\Prototype01.a(UART1.o)
 .text.UART1_Init
                0x000004dc        0x8 .\CortexM0\ARM_GCC_541\Debug\Prototype01.a(UART1.o)
                0x000004dc                UART1_Init
 .text.UART1_Enable
                0x000004e4       0x18 .\CortexM0\ARM_GCC_541\Debug\Prototype01.a(UART1.o)
                0x000004e4                UART1_Enable
 .text.UART1_Start
                0x000004fc       0x20 .\CortexM0\ARM_GCC_541\Debug\Prototype01.a(UART1.o)
                0x000004fc                UART1_Start
 .text.UART1_UartInit
                0x0000051c       0xa8 .\CortexM0\ARM_GCC_541\Debug\Prototype01.a(UART1_UART.o)
                0x0000051c                UART1_UartInit
 .text.UART1_UartPostEnable
                0x000005c4       0x24 .\CortexM0\ARM_GCC_541\Debug\Prototype01.a(UART1_UART.o)
                0x000005c4                UART1_UartPostEnable
 .text.UART1_UartPutString
                0x000005e8       0x18 .\CortexM0\ARM_GCC_541\Debug\Prototype01.a(UART1_UART.o)
                0x000005e8                UART1_UartPutString
 .text.IR_Read  0x00000600       0x10 .\CortexM0\ARM_GCC_541\Debug\Prototype01.a(IR.o)
                0x00000600                IR_Read
 .text.LED_Write
                0x00000610       0x18 .\CortexM0\ARM_GCC_541\Debug\Prototype01.a(LED.o)
                0x00000610                LED_Write
 .text.CySysClkImoDisableWcoLock
                0x00000628       0x54 .\CortexM0\ARM_GCC_541\Debug\Prototype01.a(CyLib.o)
                0x00000628                CySysClkImoDisableWcoLock
 .text.CySysClkImoGetWcoLock
                0x0000067c       0x14 .\CortexM0\ARM_GCC_541\Debug\Prototype01.a(CyLib.o)
                0x0000067c                CySysClkImoGetWcoLock
 .text.CyIntEnable
                0x00000690       0x14 .\CortexM0\ARM_GCC_541\Debug\Prototype01.a(CyLib.o)
                0x00000690                CyIntEnable
 .text.CyHalt   0x000006a4        0x4 .\CortexM0\ARM_GCC_541\Debug\Prototype01.a(CyLib.o)
                0x000006a4                CyHalt
 .text.CyIntSetVector
                0x000006a8       0x24 .\CortexM0\ARM_GCC_541\Debug\Prototype01.a(CyLib.o)
                0x000006a8                CyIntSetVector
 .text.CyDelay  0x000006cc       0x30 .\CortexM0\ARM_GCC_541\Debug\Prototype01.a(CyLib.o)
                0x000006cc                CyDelay
 .text.CySysClkImoEnableWcoLock
                0x000006fc       0xf4 .\CortexM0\ARM_GCC_541\Debug\Prototype01.a(CyLib.o)
                0x000006fc                CySysClkImoEnableWcoLock
 .text.CySysClkWriteImoFreq
                0x000007f0       0x80 .\CortexM0\ARM_GCC_541\Debug\Prototype01.a(CyLib.o)
                0x000007f0                CySysClkWriteImoFreq
 .text.CySysWdtLocked
                0x00000870       0x14 .\CortexM0\ARM_GCC_541\Debug\Prototype01.a(CyLFClk.o)
 .text.CySysClkWcoEnabled
                0x00000884       0x14 .\CortexM0\ARM_GCC_541\Debug\Prototype01.a(CyLFClk.o)
                0x00000884                CySysClkWcoEnabled
 .text.CySysWdtLock
                0x00000898       0x1c .\CortexM0\ARM_GCC_541\Debug\Prototype01.a(CyLFClk.o)
                0x00000898                CySysWdtLock
 .text.CySysWdtUnlock
                0x000008b4       0x30 .\CortexM0\ARM_GCC_541\Debug\Prototype01.a(CyLFClk.o)
                0x000008b4                CySysWdtUnlock
 .text.CySysWdtClearInterrupt
                0x000008e4       0x4c .\CortexM0\ARM_GCC_541\Debug\Prototype01.a(CyLFClk.o)
                0x000008e4                CySysWdtClearInterrupt
 .text.CySysWdtIsr
                0x00000930       0xa4 .\CortexM0\ARM_GCC_541\Debug\Prototype01.a(CyLFClk.o)
                0x00000930                CySysWdtIsr
 .text.Timer1_Enable
                0x000009d4       0x14 .\CortexM0\ARM_GCC_541\Debug\Prototype01.a(Timer1.o)
                0x000009d4                Timer1_Enable
 .text.Timer1_SetInterruptMode
                0x000009e8        0xc .\CortexM0\ARM_GCC_541\Debug\Prototype01.a(Timer1.o)
                0x000009e8                Timer1_SetInterruptMode
 .text.Timer1_ReadStatusRegister
                0x000009f4        0xc .\CortexM0\ARM_GCC_541\Debug\Prototype01.a(Timer1.o)
                0x000009f4                Timer1_ReadStatusRegister
 .text.Timer1_WritePeriod
                0x00000a00        0xc .\CortexM0\ARM_GCC_541\Debug\Prototype01.a(Timer1.o)
                0x00000a00                Timer1_WritePeriod
 .text.Timer1_ReadCapture
                0x00000a0c        0xc .\CortexM0\ARM_GCC_541\Debug\Prototype01.a(Timer1.o)
                0x00000a0c                Timer1_ReadCapture
 .text.Timer1_WriteCounter
                0x00000a18        0xc .\CortexM0\ARM_GCC_541\Debug\Prototype01.a(Timer1.o)
                0x00000a18                Timer1_WriteCounter
 .text.Timer1_ReadCounter
                0x00000a24       0x14 .\CortexM0\ARM_GCC_541\Debug\Prototype01.a(Timer1.o)
                0x00000a24                Timer1_ReadCounter
 .text.Timer1_ClearFIFO
                0x00000a38       0x14 .\CortexM0\ARM_GCC_541\Debug\Prototype01.a(Timer1.o)
                0x00000a38                Timer1_ClearFIFO
 .text.Timer1_Init
                0x00000a4c       0x38 .\CortexM0\ARM_GCC_541\Debug\Prototype01.a(Timer1.o)
                0x00000a4c                Timer1_Init
 .text.Timer1_Start
                0x00000a84       0x20 .\CortexM0\ARM_GCC_541\Debug\Prototype01.a(Timer1.o)
                0x00000a84                Timer1_Start
 .text.ISR1_SetVector
                0x00000aa4        0xc .\CortexM0\ARM_GCC_541\Debug\Prototype01.a(ISR1.o)
                0x00000aa4                ISR1_SetVector
 .text.ISR1_SetPriority
                0x00000ab0       0x20 .\CortexM0\ARM_GCC_541\Debug\Prototype01.a(ISR1.o)
                0x00000ab0                ISR1_SetPriority
 .text.ISR1_Enable
                0x00000ad0        0xc .\CortexM0\ARM_GCC_541\Debug\Prototype01.a(ISR1.o)
                0x00000ad0                ISR1_Enable
 .text.ISR1_Disable
                0x00000adc        0xc .\CortexM0\ARM_GCC_541\Debug\Prototype01.a(ISR1.o)
                0x00000adc                ISR1_Disable
 .text.ISR1_StartEx
                0x00000ae8       0x1c .\CortexM0\ARM_GCC_541\Debug\Prototype01.a(ISR1.o)
                0x00000ae8                ISR1_StartEx
 .text.ISR1_ClearPending
                0x00000b04        0xc .\CortexM0\ARM_GCC_541\Debug\Prototype01.a(ISR1.o)
                0x00000b04                ISR1_ClearPending
 .text.Timer2_Enable
                0x00000b10       0x14 .\CortexM0\ARM_GCC_541\Debug\Prototype01.a(Timer2.o)
                0x00000b10                Timer2_Enable
 .text.Timer2_SetInterruptMode
                0x00000b24        0xc .\CortexM0\ARM_GCC_541\Debug\Prototype01.a(Timer2.o)
                0x00000b24                Timer2_SetInterruptMode
 .text.Timer2_ReadStatusRegister
                0x00000b30        0xc .\CortexM0\ARM_GCC_541\Debug\Prototype01.a(Timer2.o)
                0x00000b30                Timer2_ReadStatusRegister
 .text.Timer2_WritePeriod
                0x00000b3c        0xc .\CortexM0\ARM_GCC_541\Debug\Prototype01.a(Timer2.o)
                0x00000b3c                Timer2_WritePeriod
 .text.Timer2_ReadCapture
                0x00000b48        0xc .\CortexM0\ARM_GCC_541\Debug\Prototype01.a(Timer2.o)
                0x00000b48                Timer2_ReadCapture
 .text.Timer2_WriteCounter
                0x00000b54        0xc .\CortexM0\ARM_GCC_541\Debug\Prototype01.a(Timer2.o)
                0x00000b54                Timer2_WriteCounter
 .text.Timer2_ClearFIFO
                0x00000b60       0x14 .\CortexM0\ARM_GCC_541\Debug\Prototype01.a(Timer2.o)
                0x00000b60                Timer2_ClearFIFO
 .text.Timer2_Init
                0x00000b74       0x34 .\CortexM0\ARM_GCC_541\Debug\Prototype01.a(Timer2.o)
                0x00000b74                Timer2_Init
 .text.Timer2_Start
                0x00000ba8       0x20 .\CortexM0\ARM_GCC_541\Debug\Prototype01.a(Timer2.o)
                0x00000ba8                Timer2_Start
 .text          0x00000bc8       0x20 .\CortexM0\ARM_GCC_541\Debug\Prototype01.a(CyBootAsmGnu.o)
                0x00000bc8                CyDelayCycles
                0x00000bda                CyEnterCriticalSection
                0x00000be2                CyExitCriticalSection
 .text.UART1_SpiUartWriteTxData
                0x00000be8       0x1c .\CortexM0\ARM_GCC_541\Debug\Prototype01.a(UART1_SPI_UART.o)
                0x00000be8                UART1_SpiUartWriteTxData
 .text.CySysFlashSetWaitCycles
                0x00000c04       0x54 .\CortexM0\ARM_GCC_541\Debug\Prototype01.a(CyFlash.o)
                0x00000c04                CySysFlashSetWaitCycles
 .text          0x00000c58      0x114 c:/program files (x86)/cypress/psoc creator/4.3/psoc creator/import/gnu/arm/5.4.1/bin/../lib/gcc/arm-none-eabi/5.4.1/armv6-m\libgcc.a(_udivsi3.o)
                0x00000c58                __aeabi_uidiv
                0x00000c58                __udivsi3
                0x00000d64                __aeabi_uidivmod
 .text          0x00000d6c        0x4 c:/program files (x86)/cypress/psoc creator/4.3/psoc creator/import/gnu/arm/5.4.1/bin/../lib/gcc/arm-none-eabi/5.4.1/armv6-m\libgcc.a(_dvmd_tls.o)
                0x00000d6c                __aeabi_idiv0
                0x00000d6c                __aeabi_ldiv0
 .text.__errno  0x00000d70        0xc c:/program files (x86)/cypress/psoc creator/4.3/psoc creator/import/gnu/arm/5.4.1/bin/../lib/gcc/arm-none-eabi/5.4.1/../../../../arm-none-eabi/lib/armv6-m\libg_nano.a(lib_a-errno.o)
                0x00000d70                __errno
 .text.__libc_init_array
                0x00000d7c       0x4c c:/program files (x86)/cypress/psoc creator/4.3/psoc creator/import/gnu/arm/5.4.1/bin/../lib/gcc/arm-none-eabi/5.4.1/../../../../arm-none-eabi/lib/armv6-m\libg_nano.a(lib_a-init.o)
                0x00000d7c                __libc_init_array
 .text.memcpy   0x00000dc8       0x12 c:/program files (x86)/cypress/psoc creator/4.3/psoc creator/import/gnu/arm/5.4.1/bin/../lib/gcc/arm-none-eabi/5.4.1/../../../../arm-none-eabi/lib/armv6-m\libg_nano.a(lib_a-memcpy-stub.o)
                0x00000dc8                memcpy
 .text.memset   0x00000dda       0x10 c:/program files (x86)/cypress/psoc creator/4.3/psoc creator/import/gnu/arm/5.4.1/bin/../lib/gcc/arm-none-eabi/5.4.1/../../../../arm-none-eabi/lib/armv6-m\libg_nano.a(lib_a-memset.o)
                0x00000dda                memset
 *fill*         0x00000dea        0x2 
 .text.snprintf
                0x00000dec       0x64 c:/program files (x86)/cypress/psoc creator/4.3/psoc creator/import/gnu/arm/5.4.1/bin/../lib/gcc/arm-none-eabi/5.4.1/../../../../arm-none-eabi/lib/armv6-m\libg_nano.a(lib_a-snprintf.o)
                0x00000dec                sniprintf
                0x00000dec                snprintf
 .text.__ssputs_r
                0x00000e50       0xc4 c:/program files (x86)/cypress/psoc creator/4.3/psoc creator/import/gnu/arm/5.4.1/bin/../lib/gcc/arm-none-eabi/5.4.1/../../../../arm-none-eabi/lib/armv6-m\libg_nano.a(lib_a-nano-svfprintf.o)
                0x00000e50                __ssputs_r
 .text._svfprintf_r
                0x00000f14      0x1fc c:/program files (x86)/cypress/psoc creator/4.3/psoc creator/import/gnu/arm/5.4.1/bin/../lib/gcc/arm-none-eabi/5.4.1/../../../../arm-none-eabi/lib/armv6-m\libg_nano.a(lib_a-nano-svfprintf.o)
                0x00000f14                _svfiprintf_r
                0x00000f14                _svfprintf_r
 .text._printf_common
                0x00001110       0xdc c:/program files (x86)/cypress/psoc creator/4.3/psoc creator/import/gnu/arm/5.4.1/bin/../lib/gcc/arm-none-eabi/5.4.1/../../../../arm-none-eabi/lib/armv6-m\libg_nano.a(lib_a-nano-vfprintf_i.o)
                0x00001110                _printf_common
 .text._printf_i
                0x000011ec      0x244 c:/program files (x86)/cypress/psoc creator/4.3/psoc creator/import/gnu/arm/5.4.1/bin/../lib/gcc/arm-none-eabi/5.4.1/../../../../arm-none-eabi/lib/armv6-m\libg_nano.a(lib_a-nano-vfprintf_i.o)
                0x000011ec                _printf_i
 .text.memchr   0x00001430       0x16 c:/program files (x86)/cypress/psoc creator/4.3/psoc creator/import/gnu/arm/5.4.1/bin/../lib/gcc/arm-none-eabi/5.4.1/../../../../arm-none-eabi/lib/armv6-m\libg_nano.a(lib_a-memchr-stub.o)
                0x00001430                memchr
 .text.memmove  0x00001446       0x2a c:/program files (x86)/cypress/psoc creator/4.3/psoc creator/import/gnu/arm/5.4.1/bin/../lib/gcc/arm-none-eabi/5.4.1/../../../../arm-none-eabi/lib/armv6-m\libg_nano.a(lib_a-memmove.o)
                0x00001446                memmove
 .text._free_r  0x00001470       0x98 c:/program files (x86)/cypress/psoc creator/4.3/psoc creator/import/gnu/arm/5.4.1/bin/../lib/gcc/arm-none-eabi/5.4.1/../../../../arm-none-eabi/lib/armv6-m\libg_nano.a(lib_a-nano-freer.o)
                0x00001470                _free_r
 .text._malloc_r
                0x00001508       0xc0 c:/program files (x86)/cypress/psoc creator/4.3/psoc creator/import/gnu/arm/5.4.1/bin/../lib/gcc/arm-none-eabi/5.4.1/../../../../arm-none-eabi/lib/armv6-m\libg_nano.a(lib_a-nano-mallocr.o)
                0x00001508                _malloc_r
 .text._realloc_r
                0x000015c8       0x4c c:/program files (x86)/cypress/psoc creator/4.3/psoc creator/import/gnu/arm/5.4.1/bin/../lib/gcc/arm-none-eabi/5.4.1/../../../../arm-none-eabi/lib/armv6-m\libg_nano.a(lib_a-nano-reallocr.o)
                0x000015c8                _realloc_r
 .text._sbrk_r  0x00001614       0x24 c:/program files (x86)/cypress/psoc creator/4.3/psoc creator/import/gnu/arm/5.4.1/bin/../lib/gcc/arm-none-eabi/5.4.1/../../../../arm-none-eabi/lib/armv6-m\libg_nano.a(lib_a-sbrkr.o)
                0x00001614                _sbrk_r
 .text.__malloc_lock
                0x00001638        0x2 c:/program files (x86)/cypress/psoc creator/4.3/psoc creator/import/gnu/arm/5.4.1/bin/../lib/gcc/arm-none-eabi/5.4.1/../../../../arm-none-eabi/lib/armv6-m\libg_nano.a(lib_a-mlock.o)
                0x00001638                __malloc_lock
 .text.__malloc_unlock
                0x0000163a        0x2 c:/program files (x86)/cypress/psoc creator/4.3/psoc creator/import/gnu/arm/5.4.1/bin/../lib/gcc/arm-none-eabi/5.4.1/../../../../arm-none-eabi/lib/armv6-m\libg_nano.a(lib_a-mlock.o)
                0x0000163a                __malloc_unlock
 .text._malloc_usable_size_r
                0x0000163c       0x16 c:/program files (x86)/cypress/psoc creator/4.3/psoc creator/import/gnu/arm/5.4.1/bin/../lib/gcc/arm-none-eabi/5.4.1/../../../../arm-none-eabi/lib/armv6-m\libg_nano.a(lib_a-nano-msizer.o)
                0x0000163c                _malloc_usable_size_r
 *(.plt)
 *(.gnu.warning)
 *(.glue_7t)
 .glue_7t       0x00001652        0x0 linker stubs
 *(.glue_7)
 .glue_7        0x00001652        0x0 linker stubs
 *(.vfp11_veneer)
 .vfp11_veneer  0x00001652        0x0 linker stubs
 *(.bootloader)
 *(.ARM.extab* .gnu.linkonce.armextab.*)
 *(.gcc_except_table)

.v4_bx          0x00001654        0x0
 .v4_bx         0x00001654        0x0 linker stubs

.iplt           0x00001654        0x0
 .iplt          0x00001654        0x0 c:/program files (x86)/cypress/psoc creator/4.3/psoc creator/import/gnu/arm/5.4.1/bin/../lib/gcc/arm-none-eabi/5.4.1/armv6-m/crtbegin.o

.eh_frame_hdr
 *(.eh_frame_hdr)

.eh_frame       0x00001654        0x4
 *(.eh_frame)
 .eh_frame      0x00001654        0x0 c:/program files (x86)/cypress/psoc creator/4.3/psoc creator/import/gnu/arm/5.4.1/bin/../lib/gcc/arm-none-eabi/5.4.1/armv6-m/crtbegin.o
 .eh_frame      0x00001654        0x4 c:/program files (x86)/cypress/psoc creator/4.3/psoc creator/import/gnu/arm/5.4.1/bin/../lib/gcc/arm-none-eabi/5.4.1/armv6-m/crtend.o
                [!provide]                PROVIDE (__exidx_start, .)

.ARM.exidx
 *(.ARM.exidx* .gnu.linkonce.armexidx.*)
                0x00001658                __exidx_end = .

.rodata         0x00001658      0x238
 *(.rodata .rodata.* .gnu.linkonce.r.*)
 .rodata.str1.4
                0x00001658       0x1c .\CortexM0\ARM_GCC_541\Debug\main.o
                                 0x19 (size before relaxing)
 .rodata        0x00001674      0x184 .\CortexM0\ARM_GCC_541\Debug\cyfitter_cfg.o
 .rodata        0x000017f8       0x2e .\CortexM0\ARM_GCC_541\Debug\Prototype01.a(CyLib.o)
                0x000017f8                cyImoFreqMhz2Reg
 .rodata.str1.1
                0x00001826        0x2 c:/program files (x86)/cypress/psoc creator/4.3/psoc creator/import/gnu/arm/5.4.1/bin/../lib/gcc/arm-none-eabi/5.4.1/../../../../arm-none-eabi/lib/armv6-m\libg_nano.a(lib_a-impure.o)
 .rodata.str1.1
                0x00001828       0x11 c:/program files (x86)/cypress/psoc creator/4.3/psoc creator/import/gnu/arm/5.4.1/bin/../lib/gcc/arm-none-eabi/5.4.1/../../../../arm-none-eabi/lib/armv6-m\libg_nano.a(lib_a-nano-svfprintf.o)
 .rodata.str1.1
                0x00001839       0x22 c:/program files (x86)/cypress/psoc creator/4.3/psoc creator/import/gnu/arm/5.4.1/bin/../lib/gcc/arm-none-eabi/5.4.1/../../../../arm-none-eabi/lib/armv6-m\libg_nano.a(lib_a-nano-vfprintf_i.o)
                0x0000185c                . = ALIGN (0x4)
 *fill*         0x0000185b        0x1 
 *(.init)
 .init          0x0000185c        0x4 c:/program files (x86)/cypress/psoc creator/4.3/psoc creator/import/gnu/arm/5.4.1/bin/../lib/gcc/arm-none-eabi/5.4.1/armv6-m/crti.o
                0x0000185c                _init
 .init          0x00001860        0x8 c:/program files (x86)/cypress/psoc creator/4.3/psoc creator/import/gnu/arm/5.4.1/bin/../lib/gcc/arm-none-eabi/5.4.1/armv6-m/crtn.o
                0x00001868                . = ALIGN (0x4)
                0x00001868                __preinit_array_start = .
 *(.preinit_array)
                0x00001868                __preinit_array_end = .
                0x00001868                . = ALIGN (0x4)
                0x00001868                __init_array_start = .
 *(SORT(.init_array.*))
 *(.init_array)
 .init_array    0x00001868        0x4 c:/program files (x86)/cypress/psoc creator/4.3/psoc creator/import/gnu/arm/5.4.1/bin/../lib/gcc/arm-none-eabi/5.4.1/armv6-m/crtbegin.o
 .init_array    0x0000186c        0x4 .\CortexM0\ARM_GCC_541\Debug\Cm0Start.o
                0x00001870                __init_array_end = .
                0x00001870                . = ALIGN (0x4)
 *(.fini)
 .fini          0x00001870        0x4 c:/program files (x86)/cypress/psoc creator/4.3/psoc creator/import/gnu/arm/5.4.1/bin/../lib/gcc/arm-none-eabi/5.4.1/armv6-m/crti.o
                0x00001870                _fini
 .fini          0x00001874        0x8 c:/program files (x86)/cypress/psoc creator/4.3/psoc creator/import/gnu/arm/5.4.1/bin/../lib/gcc/arm-none-eabi/5.4.1/armv6-m/crtn.o
                0x0000187c                . = ALIGN (0x4)
                0x0000187c                __fini_array_start = .
 *(.fini_array)
 .fini_array    0x0000187c        0x4 c:/program files (x86)/cypress/psoc creator/4.3/psoc creator/import/gnu/arm/5.4.1/bin/../lib/gcc/arm-none-eabi/5.4.1/armv6-m/crtbegin.o
 *(SORT(.fini_array.*))
                0x00001880                __fini_array_end = .
                0x00001880                . = ALIGN (0x4)
 *crtbegin.o(.ctors)
 *(EXCLUDE_FILE(*crtend.o) .ctors)
 *(SORT(.ctors.*))
 *crtend.o(.ctors)
                0x00001880                . = ALIGN (0x4)
 *crtbegin.o(.dtors)
 *(EXCLUDE_FILE(*crtend.o) .dtors)
 *(SORT(.dtors.*))
 *crtend.o(.dtors)
                0x00001880                . = ALIGN (0x4)
                0x00001880                __cy_regions = .
                0x00001880        0x4 LONG 0x1890 __cy_region_init_ram
                0x00001884        0x4 LONG 0x200000c0 __cy_region_start_data
                0x00001888        0x4 LONG 0x88 __cy_region_init_size_ram
                0x0000188c        0x4 LONG 0x128 __cy_region_zero_size_ram
                0x00001890                __cy_regions_end = .
                0x00001890                . = ALIGN (0x8)
                0x00001890                _etext = .

.cy_checksum_exclude
                0x00001890        0x0
 *(.cy_checksum_exclude)

.ramvectors     0x20000000       0xc0
                0x20000000                __cy_region_start_ram = .
 *(.ramvectors)
 .ramvectors    0x20000000       0xc0 .\CortexM0\ARM_GCC_541\Debug\Cm0Start.o
                0x20000000                CyRamVectors

.noinit
 *(.noinit)

.data           0x200000c0       0x88 load address 0x00001890
                0x200000c0                __cy_region_start_data = .
 *(.jcr)
 .jcr           0x200000c0        0x0 c:/program files (x86)/cypress/psoc creator/4.3/psoc creator/import/gnu/arm/5.4.1/bin/../lib/gcc/arm-none-eabi/5.4.1/armv6-m/crtbegin.o
 .jcr           0x200000c0        0x4 c:/program files (x86)/cypress/psoc creator/4.3/psoc creator/import/gnu/arm/5.4.1/bin/../lib/gcc/arm-none-eabi/5.4.1/armv6-m/crtend.o
 *(.got.plt)
 *(.got)
 *(.shdata)
 *(.data .data.* .gnu.linkonce.d.*)
 .data          0x200000c4        0x4 .\CortexM0\ARM_GCC_541\Debug\Cm0Start.o
 .data          0x200000c8       0x14 .\CortexM0\ARM_GCC_541\Debug\Prototype01.a(CyLib.o)
                0x200000c8                CySysClkPumpConfig
                0x200000cc                cydelay32kMs
                0x200000d0                cydelayFreqKhz
                0x200000d4                cydelayFreqMhz
                0x200000d8                cydelayFreqHz
 .data          0x200000dc        0x8 .\CortexM0\ARM_GCC_541\Debug\Prototype01.a(CyLFClk.o)
 .data.impure_data
                0x200000e4       0x60 c:/program files (x86)/cypress/psoc creator/4.3/psoc creator/import/gnu/arm/5.4.1/bin/../lib/gcc/arm-none-eabi/5.4.1/../../../../arm-none-eabi/lib/armv6-m\libg_nano.a(lib_a-impure.o)
 .data._impure_ptr
                0x20000144        0x4 c:/program files (x86)/cypress/psoc creator/4.3/psoc creator/import/gnu/arm/5.4.1/bin/../lib/gcc/arm-none-eabi/5.4.1/../../../../arm-none-eabi/lib/armv6-m\libg_nano.a(lib_a-impure.o)
                0x20000144                _impure_ptr
                0x20000148                . = ALIGN (0x8)
 *(.ram)
                0x20000148                _edata = .

.igot.plt       0x20000148        0x0 load address 0x00001918
 .igot.plt      0x20000148        0x0 c:/program files (x86)/cypress/psoc creator/4.3/psoc creator/import/gnu/arm/5.4.1/bin/../lib/gcc/arm-none-eabi/5.4.1/armv6-m/crtbegin.o

.bss            0x20000148      0x128 load address 0x00001918
                0x20000148                PROVIDE (__bss_start__, .)
 *(.shbss)
 *(.bss .bss.* .gnu.linkonce.b.*)
 .bss           0x20000148       0x1c c:/program files (x86)/cypress/psoc creator/4.3/psoc creator/import/gnu/arm/5.4.1/bin/../lib/gcc/arm-none-eabi/5.4.1/armv6-m/crtbegin.o
 .bss           0x20000164       0xcc .\CortexM0\ARM_GCC_541\Debug\main.o
 .bss           0x20000230        0x4 .\CortexM0\ARM_GCC_541\Debug\Prototype01.a(UART1.o)
                0x20000230                UART1_initVar
                0x20000232                UART1_IntrTxMask
 .bss           0x20000234       0x28 .\CortexM0\ARM_GCC_541\Debug\Prototype01.a(CyLFClk.o)
 .bss           0x2000025c        0x1 .\CortexM0\ARM_GCC_541\Debug\Prototype01.a(Timer1.o)
                0x2000025c                Timer1_initVar
 .bss           0x2000025d        0x1 .\CortexM0\ARM_GCC_541\Debug\Prototype01.a(Timer2.o)
                0x2000025d                Timer2_initVar
 *fill*         0x2000025e        0x2 
 .bss.__malloc_sbrk_start
                0x20000260        0x4 c:/program files (x86)/cypress/psoc creator/4.3/psoc creator/import/gnu/arm/5.4.1/bin/../lib/gcc/arm-none-eabi/5.4.1/../../../../arm-none-eabi/lib/armv6-m\libg_nano.a(lib_a-nano-mallocr.o)
                0x20000260                __malloc_sbrk_start
 .bss.__malloc_free_list
                0x20000264        0x4 c:/program files (x86)/cypress/psoc creator/4.3/psoc creator/import/gnu/arm/5.4.1/bin/../lib/gcc/arm-none-eabi/5.4.1/../../../../arm-none-eabi/lib/armv6-m\libg_nano.a(lib_a-nano-mallocr.o)
                0x20000264                __malloc_free_list
 *(COMMON)
 COMMON         0x20000268        0x4 c:/program files (x86)/cypress/psoc creator/4.3/psoc creator/import/gnu/arm/5.4.1/bin/../lib/gcc/arm-none-eabi/5.4.1/../../../../arm-none-eabi/lib/armv6-m\libg_nano.a(lib_a-reent.o)
                0x20000268                errno
                0x20000270                . = ALIGN (0x8)
 *fill*         0x2000026c        0x4 
 *(.ram.b)
                0x20000270                _end = .
                0x20000270                __end = .
                0x20000270                PROVIDE (end, .)
                0x20000270                PROVIDE (__bss_end__, .)
                0x00001890                __cy_region_init_ram = LOADADDR (.data)
                0x00000088                __cy_region_init_size_ram = (_edata - ADDR (.data))
                0x00000128                __cy_region_zero_size_ram = (_end - _edata)

.heap           0x20000270       0x80 load address 0x00001918
                0x20000270                . = _end
                0x200002f0                . = (. + 0x80)
 *fill*         0x20000270       0x80 
                0x200002f0                __cy_heap_limit = .

.stack          0x20003800      0x800
                0x20003800                __cy_stack_limit = .
                0x20004000                . = (. + 0x800)
 *fill*         0x20003800      0x800 
                0x00000001                ASSERT ((__cy_stack_limit >= __cy_heap_limit), region RAM overflowed with stack)
                0x00000000                cy_checksum_exclude_size = (CY_APPL_LOADABLE == 0x1)?SIZEOF (.cy_checksum_exclude):0x0
                0x00000001                ASSERT ((cy_checksum_exclude_size <= CY_CHECKSUM_EXCLUDE_SIZE), CY_BOOT: Section .cy_checksum_exclude size exceedes specified limit.)
                0x0001ffc0                cyloadermeta_start = (cy_project_type_bootloader || cy_project_type_app_for_stack_and_copier)?(LENGTH (rom) - CY_METADATA_SIZE):0xf0000000

.cyloadermeta
 *(.cyloadermeta)
                0x0001ffc0                cyloadablemeta_start = cy_project_type_app_for_stack_and_copier?((LENGTH (rom) - CY_FLASH_ROW_SIZE) - CY_METADATA_SIZE):((LENGTH (rom) - (CY_FLASH_ROW_SIZE * (CY_APPL_NUM - 0x1))) - CY_METADATA_SIZE)

.cyloadablemeta
 *(.cyloadablemeta)

.cyflashprotect
                0x90400000       0x80
 *(.cyflashprotect)
 .cyflashprotect
                0x90400000       0x80 .\CortexM0\ARM_GCC_541\Debug\cymetadata.o
                0x90400000                cy_meta_flashprotect

.cymeta         0x90500000        0xc
 *(.cymeta)
 .cymeta        0x90500000        0xc .\CortexM0\ARM_GCC_541\Debug\cymetadata.o
                0x90500000                cy_metadata

.cychipprotect  0x90600000        0x1
 *(.cychipprotect)
 .cychipprotect
                0x90600000        0x1 .\CortexM0\ARM_GCC_541\Debug\cymetadata.o
                0x90600000                cy_meta_chipprotect

.rel.dyn        0x00001918        0x0 load address 0x90600004
 .rel.iplt      0x00001918        0x0 c:/program files (x86)/cypress/psoc creator/4.3/psoc creator/import/gnu/arm/5.4.1/bin/../lib/gcc/arm-none-eabi/5.4.1/armv6-m/crtbegin.o

.stab
 *(.stab)

.stabstr
 *(.stabstr)

.debug
 *(.debug)

.line
 *(.line)

.debug_srcinfo
 *(.debug_srcinfo)

.debug_sfnames
 *(.debug_sfnames)

.debug_aranges  0x00000000      0x7f8
 *(.debug_aranges)
 .debug_aranges
                0x00000000       0x30 .\CortexM0\ARM_GCC_541\Debug\main.o
 .debug_aranges
                0x00000030       0x40 .\CortexM0\ARM_GCC_541\Debug\cyfitter_cfg.o
 .debug_aranges
                0x00000070       0x18 .\CortexM0\ARM_GCC_541\Debug\cymetadata.o
 .debug_aranges
                0x00000088       0x48 .\CortexM0\ARM_GCC_541\Debug\Cm0Start.o
 .debug_aranges
                0x000000d0       0x58 .\CortexM0\ARM_GCC_541\Debug\Prototype01.a(UART1.o)
 .debug_aranges
                0x00000128       0x90 .\CortexM0\ARM_GCC_541\Debug\Prototype01.a(UART1_UART.o)
 .debug_aranges
                0x000001b8       0x48 .\CortexM0\ARM_GCC_541\Debug\Prototype01.a(IR.o)
 .debug_aranges
                0x00000200       0x48 .\CortexM0\ARM_GCC_541\Debug\Prototype01.a(LED.o)
 .debug_aranges
                0x00000248      0x1c8 .\CortexM0\ARM_GCC_541\Debug\Prototype01.a(CyLib.o)
 .debug_aranges
                0x00000410      0x188 .\CortexM0\ARM_GCC_541\Debug\Prototype01.a(CyLFClk.o)
 .debug_aranges
                0x00000598       0x90 .\CortexM0\ARM_GCC_541\Debug\Prototype01.a(Timer1.o)
 .debug_aranges
                0x00000628       0x80 .\CortexM0\ARM_GCC_541\Debug\Prototype01.a(ISR1.o)
 .debug_aranges
                0x000006a8       0x90 .\CortexM0\ARM_GCC_541\Debug\Prototype01.a(Timer2.o)
 .debug_aranges
                0x00000738       0x20 .\CortexM0\ARM_GCC_541\Debug\Prototype01.a(CyBootAsmGnu.o)
 .debug_aranges
                0x00000758       0x60 .\CortexM0\ARM_GCC_541\Debug\Prototype01.a(UART1_SPI_UART.o)
 .debug_aranges
                0x000007b8       0x40 .\CortexM0\ARM_GCC_541\Debug\Prototype01.a(CyFlash.o)

.debug_pubnames
 *(.debug_pubnames)

.debug_info     0x00000000     0x4216
 *(.debug_info .gnu.linkonce.wi.*)
 .debug_info    0x00000000      0x43b .\CortexM0\ARM_GCC_541\Debug\main.o
 .debug_info    0x0000043b      0x3bc .\CortexM0\ARM_GCC_541\Debug\cyfitter_cfg.o
 .debug_info    0x000007f7       0xf8 .\CortexM0\ARM_GCC_541\Debug\cymetadata.o
 .debug_info    0x000008ef      0x3a2 .\CortexM0\ARM_GCC_541\Debug\Cm0Start.o
 .debug_info    0x00000c91      0x23a .\CortexM0\ARM_GCC_541\Debug\Prototype01.a(UART1.o)
 .debug_info    0x00000ecb      0x3b5 .\CortexM0\ARM_GCC_541\Debug\Prototype01.a(UART1_UART.o)
 .debug_info    0x00001280      0x19d .\CortexM0\ARM_GCC_541\Debug\Prototype01.a(IR.o)
 .debug_info    0x0000141d      0x19d .\CortexM0\ARM_GCC_541\Debug\Prototype01.a(LED.o)
 .debug_info    0x000015ba      0xd40 .\CortexM0\ARM_GCC_541\Debug\Prototype01.a(CyLib.o)
 .debug_info    0x000022fa     0x1058 .\CortexM0\ARM_GCC_541\Debug\Prototype01.a(CyLFClk.o)
 .debug_info    0x00003352      0x2ee .\CortexM0\ARM_GCC_541\Debug\Prototype01.a(Timer1.o)
 .debug_info    0x00003640      0x305 .\CortexM0\ARM_GCC_541\Debug\Prototype01.a(ISR1.o)
 .debug_info    0x00003945      0x2d1 .\CortexM0\ARM_GCC_541\Debug\Prototype01.a(Timer2.o)
 .debug_info    0x00003c16       0x90 .\CortexM0\ARM_GCC_541\Debug\Prototype01.a(CyBootAsmGnu.o)
 .debug_info    0x00003ca6      0x220 .\CortexM0\ARM_GCC_541\Debug\Prototype01.a(UART1_SPI_UART.o)
 .debug_info    0x00003ec6      0x350 .\CortexM0\ARM_GCC_541\Debug\Prototype01.a(CyFlash.o)

.debug_abbrev   0x00000000     0x13e2
 *(.debug_abbrev)
 .debug_abbrev  0x00000000      0x140 .\CortexM0\ARM_GCC_541\Debug\main.o
 .debug_abbrev  0x00000140      0x1af .\CortexM0\ARM_GCC_541\Debug\cyfitter_cfg.o
 .debug_abbrev  0x000002ef       0x5d .\CortexM0\ARM_GCC_541\Debug\cymetadata.o
 .debug_abbrev  0x0000034c      0x1d7 .\CortexM0\ARM_GCC_541\Debug\Cm0Start.o
 .debug_abbrev  0x00000523       0xd5 .\CortexM0\ARM_GCC_541\Debug\Prototype01.a(UART1.o)
 .debug_abbrev  0x000005f8      0x132 .\CortexM0\ARM_GCC_541\Debug\Prototype01.a(UART1_UART.o)
 .debug_abbrev  0x0000072a       0xc8 .\CortexM0\ARM_GCC_541\Debug\Prototype01.a(IR.o)
 .debug_abbrev  0x000007f2       0xc8 .\CortexM0\ARM_GCC_541\Debug\Prototype01.a(LED.o)
 .debug_abbrev  0x000008ba      0x20b .\CortexM0\ARM_GCC_541\Debug\Prototype01.a(CyLib.o)
 .debug_abbrev  0x00000ac5      0x248 .\CortexM0\ARM_GCC_541\Debug\Prototype01.a(CyLFClk.o)
 .debug_abbrev  0x00000d0d      0x12b .\CortexM0\ARM_GCC_541\Debug\Prototype01.a(Timer1.o)
 .debug_abbrev  0x00000e38      0x19a .\CortexM0\ARM_GCC_541\Debug\Prototype01.a(ISR1.o)
 .debug_abbrev  0x00000fd2      0x12b .\CortexM0\ARM_GCC_541\Debug\Prototype01.a(Timer2.o)
 .debug_abbrev  0x000010fd       0x14 .\CortexM0\ARM_GCC_541\Debug\Prototype01.a(CyBootAsmGnu.o)
 .debug_abbrev  0x00001111      0x14f .\CortexM0\ARM_GCC_541\Debug\Prototype01.a(UART1_SPI_UART.o)
 .debug_abbrev  0x00001260      0x182 .\CortexM0\ARM_GCC_541\Debug\Prototype01.a(CyFlash.o)

.debug_line     0x00000000     0x1d54
 *(.debug_line)
 .debug_line    0x00000000      0x19f .\CortexM0\ARM_GCC_541\Debug\main.o
 .debug_line    0x0000019f      0x183 .\CortexM0\ARM_GCC_541\Debug\cyfitter_cfg.o
 .debug_line    0x00000322      0x141 .\CortexM0\ARM_GCC_541\Debug\cymetadata.o
 .debug_line    0x00000463      0x236 .\CortexM0\ARM_GCC_541\Debug\Cm0Start.o
 .debug_line    0x00000699      0x10a .\CortexM0\ARM_GCC_541\Debug\Prototype01.a(UART1.o)
 .debug_line    0x000007a3      0x1d2 .\CortexM0\ARM_GCC_541\Debug\Prototype01.a(UART1_UART.o)
 .debug_line    0x00000975       0xba .\CortexM0\ARM_GCC_541\Debug\Prototype01.a(IR.o)
 .debug_line    0x00000a2f       0xbb .\CortexM0\ARM_GCC_541\Debug\Prototype01.a(LED.o)
 .debug_line    0x00000aea      0x563 .\CortexM0\ARM_GCC_541\Debug\Prototype01.a(CyLib.o)
 .debug_line    0x0000104d      0x5d1 .\CortexM0\ARM_GCC_541\Debug\Prototype01.a(CyLFClk.o)
 .debug_line    0x0000161e      0x17a .\CortexM0\ARM_GCC_541\Debug\Prototype01.a(Timer1.o)
 .debug_line    0x00001798      0x14c .\CortexM0\ARM_GCC_541\Debug\Prototype01.a(ISR1.o)
 .debug_line    0x000018e4      0x17a .\CortexM0\ARM_GCC_541\Debug\Prototype01.a(Timer2.o)
 .debug_line    0x00001a5e       0x68 .\CortexM0\ARM_GCC_541\Debug\Prototype01.a(CyBootAsmGnu.o)
 .debug_line    0x00001ac6      0x11b .\CortexM0\ARM_GCC_541\Debug\Prototype01.a(UART1_SPI_UART.o)
 .debug_line    0x00001be1      0x173 .\CortexM0\ARM_GCC_541\Debug\Prototype01.a(CyFlash.o)

.debug_frame    0x00000000     0x1630
 *(.debug_frame)
 .debug_frame   0x00000000       0x70 .\CortexM0\ARM_GCC_541\Debug\main.o
 .debug_frame   0x00000070       0x98 .\CortexM0\ARM_GCC_541\Debug\cyfitter_cfg.o
 .debug_frame   0x00000108       0xbc .\CortexM0\ARM_GCC_541\Debug\Cm0Start.o
 .debug_frame   0x000001c4       0xd8 .\CortexM0\ARM_GCC_541\Debug\Prototype01.a(UART1.o)
 .debug_frame   0x0000029c      0x144 .\CortexM0\ARM_GCC_541\Debug\Prototype01.a(UART1_UART.o)
 .debug_frame   0x000003e0       0x70 .\CortexM0\ARM_GCC_541\Debug\Prototype01.a(IR.o)
 .debug_frame   0x00000450       0x70 .\CortexM0\ARM_GCC_541\Debug\Prototype01.a(LED.o)
 .debug_frame   0x000004c0      0x48c .\CortexM0\ARM_GCC_541\Debug\Prototype01.a(CyLib.o)
 .debug_frame   0x0000094c      0x4a4 .\CortexM0\ARM_GCC_541\Debug\Prototype01.a(CyLFClk.o)
 .debug_frame   0x00000df0      0x124 .\CortexM0\ARM_GCC_541\Debug\Prototype01.a(Timer1.o)
 .debug_frame   0x00000f14      0x110 .\CortexM0\ARM_GCC_541\Debug\Prototype01.a(ISR1.o)
 .debug_frame   0x00001024      0x124 .\CortexM0\ARM_GCC_541\Debug\Prototype01.a(Timer2.o)
 .debug_frame   0x00001148       0xb0 .\CortexM0\ARM_GCC_541\Debug\Prototype01.a(UART1_SPI_UART.o)
 .debug_frame   0x000011f8       0x90 .\CortexM0\ARM_GCC_541\Debug\Prototype01.a(CyFlash.o)
 .debug_frame   0x00001288       0x20 c:/program files (x86)/cypress/psoc creator/4.3/psoc creator/import/gnu/arm/5.4.1/bin/../lib/gcc/arm-none-eabi/5.4.1/armv6-m\libgcc.a(_udivsi3.o)
 .debug_frame   0x000012a8       0x20 c:/program files (x86)/cypress/psoc creator/4.3/psoc creator/import/gnu/arm/5.4.1/bin/../lib/gcc/arm-none-eabi/5.4.1/armv6-m\libgcc.a(_divsi3.o)
 .debug_frame   0x000012c8       0x20 c:/program files (x86)/cypress/psoc creator/4.3/psoc creator/import/gnu/arm/5.4.1/bin/../lib/gcc/arm-none-eabi/5.4.1/../../../../arm-none-eabi/lib/armv6-m\libg_nano.a(lib_a-errno.o)
 .debug_frame   0x000012e8       0x28 c:/program files (x86)/cypress/psoc creator/4.3/psoc creator/import/gnu/arm/5.4.1/bin/../lib/gcc/arm-none-eabi/5.4.1/../../../../arm-none-eabi/lib/armv6-m\libg_nano.a(lib_a-exit.o)
 .debug_frame   0x00001310       0x2c c:/program files (x86)/cypress/psoc creator/4.3/psoc creator/import/gnu/arm/5.4.1/bin/../lib/gcc/arm-none-eabi/5.4.1/../../../../arm-none-eabi/lib/armv6-m\libg_nano.a(lib_a-init.o)
 .debug_frame   0x0000133c       0x28 c:/program files (x86)/cypress/psoc creator/4.3/psoc creator/import/gnu/arm/5.4.1/bin/../lib/gcc/arm-none-eabi/5.4.1/../../../../arm-none-eabi/lib/armv6-m\libg_nano.a(lib_a-memcpy-stub.o)
 .debug_frame   0x00001364       0x20 c:/program files (x86)/cypress/psoc creator/4.3/psoc creator/import/gnu/arm/5.4.1/bin/../lib/gcc/arm-none-eabi/5.4.1/../../../../arm-none-eabi/lib/armv6-m\libg_nano.a(lib_a-memset.o)
 .debug_frame   0x00001384       0x50 c:/program files (x86)/cypress/psoc creator/4.3/psoc creator/import/gnu/arm/5.4.1/bin/../lib/gcc/arm-none-eabi/5.4.1/../../../../arm-none-eabi/lib/armv6-m\libg_nano.a(lib_a-snprintf.o)
 .debug_frame   0x000013d4       0x74 c:/program files (x86)/cypress/psoc creator/4.3/psoc creator/import/gnu/arm/5.4.1/bin/../lib/gcc/arm-none-eabi/5.4.1/../../../../arm-none-eabi/lib/armv6-m\libg_nano.a(lib_a-nano-svfprintf.o)
 .debug_frame   0x00001448       0x54 c:/program files (x86)/cypress/psoc creator/4.3/psoc creator/import/gnu/arm/5.4.1/bin/../lib/gcc/arm-none-eabi/5.4.1/../../../../arm-none-eabi/lib/armv6-m\libg_nano.a(lib_a-nano-vfprintf_i.o)
 .debug_frame   0x0000149c       0x20 c:/program files (x86)/cypress/psoc creator/4.3/psoc creator/import/gnu/arm/5.4.1/bin/../lib/gcc/arm-none-eabi/5.4.1/../../../../arm-none-eabi/lib/armv6-m\libg_nano.a(lib_a-memchr-stub.o)
 .debug_frame   0x000014bc       0x28 c:/program files (x86)/cypress/psoc creator/4.3/psoc creator/import/gnu/arm/5.4.1/bin/../lib/gcc/arm-none-eabi/5.4.1/../../../../arm-none-eabi/lib/armv6-m\libg_nano.a(lib_a-memmove.o)
 .debug_frame   0x000014e4       0x2c c:/program files (x86)/cypress/psoc creator/4.3/psoc creator/import/gnu/arm/5.4.1/bin/../lib/gcc/arm-none-eabi/5.4.1/../../../../arm-none-eabi/lib/armv6-m\libg_nano.a(lib_a-nano-freer.o)
 .debug_frame   0x00001510       0x2c c:/program files (x86)/cypress/psoc creator/4.3/psoc creator/import/gnu/arm/5.4.1/bin/../lib/gcc/arm-none-eabi/5.4.1/../../../../arm-none-eabi/lib/armv6-m\libg_nano.a(lib_a-nano-mallocr.o)
 .debug_frame   0x0000153c       0x30 c:/program files (x86)/cypress/psoc creator/4.3/psoc creator/import/gnu/arm/5.4.1/bin/../lib/gcc/arm-none-eabi/5.4.1/../../../../arm-none-eabi/lib/armv6-m\libg_nano.a(lib_a-nano-reallocr.o)
 .debug_frame   0x0000156c       0x2c c:/program files (x86)/cypress/psoc creator/4.3/psoc creator/import/gnu/arm/5.4.1/bin/../lib/gcc/arm-none-eabi/5.4.1/../../../../arm-none-eabi/lib/armv6-m\libg_nano.a(lib_a-sbrkr.o)
 .debug_frame   0x00001598       0x30 c:/program files (x86)/cypress/psoc creator/4.3/psoc creator/import/gnu/arm/5.4.1/bin/../lib/gcc/arm-none-eabi/5.4.1/../../../../arm-none-eabi/lib/armv6-m\libg_nano.a(lib_a-mlock.o)
 .debug_frame   0x000015c8       0x20 c:/program files (x86)/cypress/psoc creator/4.3/psoc creator/import/gnu/arm/5.4.1/bin/../lib/gcc/arm-none-eabi/5.4.1/../../../../arm-none-eabi/lib/armv6-m\libg_nano.a(lib_a-nano-msizer.o)
 .debug_frame   0x000015e8       0x48 c:/program files (x86)/cypress/psoc creator/4.3/psoc creator/import/gnu/arm/5.4.1/bin/../lib/gcc/arm-none-eabi/5.4.1/../../../../arm-none-eabi/lib/armv6-m\libg_nano.a(lib_a-reent.o)

.debug_str      0x00000000     0x1ac7
 *(.debug_str)
 .debug_str     0x00000000      0x294 .\CortexM0\ARM_GCC_541\Debug\main.o
                                0x2dc (size before relaxing)
 .debug_str     0x00000294      0x12d .\CortexM0\ARM_GCC_541\Debug\cyfitter_cfg.o
                                0x2d6 (size before relaxing)
 .debug_str     0x000003c1       0x63 .\CortexM0\ARM_GCC_541\Debug\cymetadata.o
                                0x1c8 (size before relaxing)
 .debug_str     0x00000424      0x13a .\CortexM0\ARM_GCC_541\Debug\Cm0Start.o
                                0x301 (size before relaxing)
 .debug_str     0x0000055e      0x104 .\CortexM0\ARM_GCC_541\Debug\Prototype01.a(UART1.o)
                                0x2a5 (size before relaxing)
 .debug_str     0x00000662      0x1e7 .\CortexM0\ARM_GCC_541\Debug\Prototype01.a(UART1_UART.o)
                                0x3dc (size before relaxing)
 .debug_str     0x00000849       0x93 .\CortexM0\ARM_GCC_541\Debug\Prototype01.a(IR.o)
                                0x221 (size before relaxing)
 .debug_str     0x000008dc       0x6f .\CortexM0\ARM_GCC_541\Debug\Prototype01.a(LED.o)
                                0x228 (size before relaxing)
 .debug_str     0x0000094b      0x602 .\CortexM0\ARM_GCC_541\Debug\Prototype01.a(CyLib.o)
                                0x7fd (size before relaxing)
 .debug_str     0x00000f4d      0x6eb .\CortexM0\ARM_GCC_541\Debug\Prototype01.a(CyLFClk.o)
                                0x91d (size before relaxing)
 .debug_str     0x00001638      0x10e .\CortexM0\ARM_GCC_541\Debug\Prototype01.a(Timer1.o)
                                0x34d (size before relaxing)
 .debug_str     0x00001746       0xaf .\CortexM0\ARM_GCC_541\Debug\Prototype01.a(ISR1.o)
                                0x2dc (size before relaxing)
 .debug_str     0x000017f5      0x141 .\CortexM0\ARM_GCC_541\Debug\Prototype01.a(Timer2.o)
                                0x340 (size before relaxing)
 .debug_str     0x00001936       0xea .\CortexM0\ARM_GCC_541\Debug\Prototype01.a(UART1_SPI_UART.o)
                                0x2d8 (size before relaxing)
 .debug_str     0x00001a20       0xa7 .\CortexM0\ARM_GCC_541\Debug\Prototype01.a(CyFlash.o)
                                0x2b0 (size before relaxing)

.debug_loc      0x00000000     0x2063
 *(.debug_loc)
 .debug_loc     0x00000000      0x1a6 .\CortexM0\ARM_GCC_541\Debug\main.o
 .debug_loc     0x000001a6      0x118 .\CortexM0\ARM_GCC_541\Debug\cyfitter_cfg.o
 .debug_loc     0x000002be      0x14f .\CortexM0\ARM_GCC_541\Debug\Cm0Start.o
 .debug_loc     0x0000040d       0x7e .\CortexM0\ARM_GCC_541\Debug\Prototype01.a(UART1.o)
 .debug_loc     0x0000048b      0x223 .\CortexM0\ARM_GCC_541\Debug\Prototype01.a(UART1_UART.o)
 .debug_loc     0x000006ae       0xa2 .\CortexM0\ARM_GCC_541\Debug\Prototype01.a(IR.o)
 .debug_loc     0x00000750       0xa2 .\CortexM0\ARM_GCC_541\Debug\Prototype01.a(LED.o)
 .debug_loc     0x000007f2      0x81c .\CortexM0\ARM_GCC_541\Debug\Prototype01.a(CyLib.o)
 .debug_loc     0x0000100e      0xdb7 .\CortexM0\ARM_GCC_541\Debug\Prototype01.a(CyLFClk.o)
 .debug_loc     0x00001dc5       0x13 .\CortexM0\ARM_GCC_541\Debug\Prototype01.a(Timer1.o)
 .debug_loc     0x00001dd8       0x82 .\CortexM0\ARM_GCC_541\Debug\Prototype01.a(ISR1.o)
 .debug_loc     0x00001e5a       0x13 .\CortexM0\ARM_GCC_541\Debug\Prototype01.a(Timer2.o)
 .debug_loc     0x00001e6d       0x96 .\CortexM0\ARM_GCC_541\Debug\Prototype01.a(UART1_SPI_UART.o)
 .debug_loc     0x00001f03      0x160 .\CortexM0\ARM_GCC_541\Debug\Prototype01.a(CyFlash.o)

.debug_macinfo
 *(.debug_macinfo)

.debug_ranges   0x00000000      0x6e0
 *(.debug_ranges)
 .debug_ranges  0x00000000       0x20 .\CortexM0\ARM_GCC_541\Debug\main.o
 .debug_ranges  0x00000020       0x30 .\CortexM0\ARM_GCC_541\Debug\cyfitter_cfg.o
 .debug_ranges  0x00000050       0x38 .\CortexM0\ARM_GCC_541\Debug\Cm0Start.o
 .debug_ranges  0x00000088       0x48 .\CortexM0\ARM_GCC_541\Debug\Prototype01.a(UART1.o)
 .debug_ranges  0x000000d0       0x80 .\CortexM0\ARM_GCC_541\Debug\Prototype01.a(UART1_UART.o)
 .debug_ranges  0x00000150       0x38 .\CortexM0\ARM_GCC_541\Debug\Prototype01.a(IR.o)
 .debug_ranges  0x00000188       0x38 .\CortexM0\ARM_GCC_541\Debug\Prototype01.a(LED.o)
 .debug_ranges  0x000001c0      0x1b8 .\CortexM0\ARM_GCC_541\Debug\Prototype01.a(CyLib.o)
 .debug_ranges  0x00000378      0x178 .\CortexM0\ARM_GCC_541\Debug\Prototype01.a(CyLFClk.o)
 .debug_ranges  0x000004f0       0x80 .\CortexM0\ARM_GCC_541\Debug\Prototype01.a(Timer1.o)
 .debug_ranges  0x00000570       0x70 .\CortexM0\ARM_GCC_541\Debug\Prototype01.a(ISR1.o)
 .debug_ranges  0x000005e0       0x80 .\CortexM0\ARM_GCC_541\Debug\Prototype01.a(Timer2.o)
 .debug_ranges  0x00000660       0x50 .\CortexM0\ARM_GCC_541\Debug\Prototype01.a(UART1_SPI_UART.o)
 .debug_ranges  0x000006b0       0x30 .\CortexM0\ARM_GCC_541\Debug\Prototype01.a(CyFlash.o)

.comment        0x00000000       0x6e
 .comment       0x00000000       0x6e .\CortexM0\ARM_GCC_541\Debug\main.o
                                 0x6f (size before relaxing)
 .comment       0x0000006e       0x6f .\CortexM0\ARM_GCC_541\Debug\cyfitter_cfg.o
 .comment       0x0000006e       0x6f .\CortexM0\ARM_GCC_541\Debug\cymetadata.o
 .comment       0x0000006e       0x6f .\CortexM0\ARM_GCC_541\Debug\Cm0Start.o
 .comment       0x0000006e       0x6f .\CortexM0\ARM_GCC_541\Debug\Prototype01.a(UART1.o)
 .comment       0x0000006e       0x6f .\CortexM0\ARM_GCC_541\Debug\Prototype01.a(UART1_UART.o)
 .comment       0x0000006e       0x6f .\CortexM0\ARM_GCC_541\Debug\Prototype01.a(IR.o)
 .comment       0x0000006e       0x6f .\CortexM0\ARM_GCC_541\Debug\Prototype01.a(LED.o)
 .comment       0x0000006e       0x6f .\CortexM0\ARM_GCC_541\Debug\Prototype01.a(CyLib.o)
 .comment       0x0000006e       0x6f .\CortexM0\ARM_GCC_541\Debug\Prototype01.a(CyLFClk.o)
 .comment       0x0000006e       0x6f .\CortexM0\ARM_GCC_541\Debug\Prototype01.a(Timer1.o)
 .comment       0x0000006e       0x6f .\CortexM0\ARM_GCC_541\Debug\Prototype01.a(ISR1.o)
 .comment       0x0000006e       0x6f .\CortexM0\ARM_GCC_541\Debug\Prototype01.a(Timer2.o)
 .comment       0x0000006e       0x6f .\CortexM0\ARM_GCC_541\Debug\Prototype01.a(UART1_SPI_UART.o)
 .comment       0x0000006e       0x6f .\CortexM0\ARM_GCC_541\Debug\Prototype01.a(CyFlash.o)

.debug_weaknames
 *(.debug_weaknames)

.debug_funcnames
 *(.debug_funcnames)

.debug_typenames
 *(.debug_typenames)

.debug_varnames
 *(.debug_varnames)

.note.gnu.arm.ident
 *(.note.gnu.arm.ident)

.ARM.attributes
                0x00000000       0x28
 *(.ARM.attributes)
 .ARM.attributes
                0x00000000       0x1e c:/program files (x86)/cypress/psoc creator/4.3/psoc creator/import/gnu/arm/5.4.1/bin/../lib/gcc/arm-none-eabi/5.4.1/armv6-m/crti.o
 .ARM.attributes
                0x0000001e       0x2c c:/program files (x86)/cypress/psoc creator/4.3/psoc creator/import/gnu/arm/5.4.1/bin/../lib/gcc/arm-none-eabi/5.4.1/armv6-m/crtbegin.o
 .ARM.attributes
                0x0000004a       0x1b c:/program files (x86)/cypress/psoc creator/4.3/psoc creator/import/gnu/arm/5.4.1/bin/../lib/gcc/arm-none-eabi/5.4.1/../../../../arm-none-eabi/lib/armv6-m/crt0.o
 .ARM.attributes
                0x00000065       0x31 .\CortexM0\ARM_GCC_541\Debug\main.o
 .ARM.attributes
                0x00000096       0x31 .\CortexM0\ARM_GCC_541\Debug\cyfitter_cfg.o
 .ARM.attributes
                0x000000c7       0x31 .\CortexM0\ARM_GCC_541\Debug\cymetadata.o
 .ARM.attributes
                0x000000f8       0x31 .\CortexM0\ARM_GCC_541\Debug\Cm0Start.o
 .ARM.attributes
                0x00000129       0x31 .\CortexM0\ARM_GCC_541\Debug\Prototype01.a(UART1.o)
 .ARM.attributes
                0x0000015a       0x31 .\CortexM0\ARM_GCC_541\Debug\Prototype01.a(UART1_UART.o)
 .ARM.attributes
                0x0000018b       0x31 .\CortexM0\ARM_GCC_541\Debug\Prototype01.a(IR.o)
 .ARM.attributes
                0x000001bc       0x31 .\CortexM0\ARM_GCC_541\Debug\Prototype01.a(LED.o)
 .ARM.attributes
                0x000001ed       0x31 .\CortexM0\ARM_GCC_541\Debug\Prototype01.a(CyLib.o)
 .ARM.attributes
                0x0000021e       0x31 .\CortexM0\ARM_GCC_541\Debug\Prototype01.a(CyLFClk.o)
 .ARM.attributes
                0x0000024f       0x31 .\CortexM0\ARM_GCC_541\Debug\Prototype01.a(Timer1.o)
 .ARM.attributes
                0x00000280       0x31 .\CortexM0\ARM_GCC_541\Debug\Prototype01.a(ISR1.o)
 .ARM.attributes
                0x000002b1       0x31 .\CortexM0\ARM_GCC_541\Debug\Prototype01.a(Timer2.o)
 .ARM.attributes
                0x000002e2       0x21 .\CortexM0\ARM_GCC_541\Debug\Prototype01.a(CyBootAsmGnu.o)
 .ARM.attributes
                0x00000303       0x31 .\CortexM0\ARM_GCC_541\Debug\Prototype01.a(UART1_SPI_UART.o)
 .ARM.attributes
                0x00000334       0x31 .\CortexM0\ARM_GCC_541\Debug\Prototype01.a(CyFlash.o)
 .ARM.attributes
                0x00000365       0x1e c:/program files (x86)/cypress/psoc creator/4.3/psoc creator/import/gnu/arm/5.4.1/bin/../lib/gcc/arm-none-eabi/5.4.1/armv6-m\libgcc.a(_udivsi3.o)
 .ARM.attributes
                0x00000383       0x1e c:/program files (x86)/cypress/psoc creator/4.3/psoc creator/import/gnu/arm/5.4.1/bin/../lib/gcc/arm-none-eabi/5.4.1/armv6-m\libgcc.a(_divsi3.o)
 .ARM.attributes
                0x000003a1       0x1e c:/program files (x86)/cypress/psoc creator/4.3/psoc creator/import/gnu/arm/5.4.1/bin/../lib/gcc/arm-none-eabi/5.4.1/armv6-m\libgcc.a(_dvmd_tls.o)
 .ARM.attributes
                0x000003bf       0x2c c:/program files (x86)/cypress/psoc creator/4.3/psoc creator/import/gnu/arm/5.4.1/bin/../lib/gcc/arm-none-eabi/5.4.1/../../../../arm-none-eabi/lib/armv6-m\libg_nano.a(lib_a-errno.o)
 .ARM.attributes
                0x000003eb       0x2c c:/program files (x86)/cypress/psoc creator/4.3/psoc creator/import/gnu/arm/5.4.1/bin/../lib/gcc/arm-none-eabi/5.4.1/../../../../arm-none-eabi/lib/armv6-m\libg_nano.a(lib_a-exit.o)
 .ARM.attributes
                0x00000417       0x2c c:/program files (x86)/cypress/psoc creator/4.3/psoc creator/import/gnu/arm/5.4.1/bin/../lib/gcc/arm-none-eabi/5.4.1/../../../../arm-none-eabi/lib/armv6-m\libg_nano.a(lib_a-impure.o)
 .ARM.attributes
                0x00000443       0x2c c:/program files (x86)/cypress/psoc creator/4.3/psoc creator/import/gnu/arm/5.4.1/bin/../lib/gcc/arm-none-eabi/5.4.1/../../../../arm-none-eabi/lib/armv6-m\libg_nano.a(lib_a-init.o)
 .ARM.attributes
                0x0000046f       0x2c c:/program files (x86)/cypress/psoc creator/4.3/psoc creator/import/gnu/arm/5.4.1/bin/../lib/gcc/arm-none-eabi/5.4.1/../../../../arm-none-eabi/lib/armv6-m\libg_nano.a(lib_a-memcpy-stub.o)
 .ARM.attributes
                0x0000049b       0x2c c:/program files (x86)/cypress/psoc creator/4.3/psoc creator/import/gnu/arm/5.4.1/bin/../lib/gcc/arm-none-eabi/5.4.1/../../../../arm-none-eabi/lib/armv6-m\libg_nano.a(lib_a-memset.o)
 .ARM.attributes
                0x000004c7       0x2c c:/program files (x86)/cypress/psoc creator/4.3/psoc creator/import/gnu/arm/5.4.1/bin/../lib/gcc/arm-none-eabi/5.4.1/../../../../arm-none-eabi/lib/armv6-m\libg_nano.a(lib_a-snprintf.o)
 .ARM.attributes
                0x000004f3       0x2c c:/program files (x86)/cypress/psoc creator/4.3/psoc creator/import/gnu/arm/5.4.1/bin/../lib/gcc/arm-none-eabi/5.4.1/../../../../arm-none-eabi/lib/armv6-m\libg_nano.a(lib_a-nano-svfprintf.o)
 .ARM.attributes
                0x0000051f       0x2c c:/program files (x86)/cypress/psoc creator/4.3/psoc creator/import/gnu/arm/5.4.1/bin/../lib/gcc/arm-none-eabi/5.4.1/../../../../arm-none-eabi/lib/armv6-m\libg_nano.a(lib_a-nano-vfprintf_i.o)
 .ARM.attributes
                0x0000054b       0x2c c:/program files (x86)/cypress/psoc creator/4.3/psoc creator/import/gnu/arm/5.4.1/bin/../lib/gcc/arm-none-eabi/5.4.1/../../../../arm-none-eabi/lib/armv6-m\libg_nano.a(lib_a-memchr-stub.o)
 .ARM.attributes
                0x00000577       0x2c c:/program files (x86)/cypress/psoc creator/4.3/psoc creator/import/gnu/arm/5.4.1/bin/../lib/gcc/arm-none-eabi/5.4.1/../../../../arm-none-eabi/lib/armv6-m\libg_nano.a(lib_a-memmove.o)
 .ARM.attributes
                0x000005a3       0x2c c:/program files (x86)/cypress/psoc creator/4.3/psoc creator/import/gnu/arm/5.4.1/bin/../lib/gcc/arm-none-eabi/5.4.1/../../../../arm-none-eabi/lib/armv6-m\libg_nano.a(lib_a-nano-freer.o)
 .ARM.attributes
                0x000005cf       0x2c c:/program files (x86)/cypress/psoc creator/4.3/psoc creator/import/gnu/arm/5.4.1/bin/../lib/gcc/arm-none-eabi/5.4.1/../../../../arm-none-eabi/lib/armv6-m\libg_nano.a(lib_a-nano-mallocr.o)
 .ARM.attributes
                0x000005fb       0x2c c:/program files (x86)/cypress/psoc creator/4.3/psoc creator/import/gnu/arm/5.4.1/bin/../lib/gcc/arm-none-eabi/5.4.1/../../../../arm-none-eabi/lib/armv6-m\libg_nano.a(lib_a-nano-reallocr.o)
 .ARM.attributes
                0x00000627       0x2c c:/program files (x86)/cypress/psoc creator/4.3/psoc creator/import/gnu/arm/5.4.1/bin/../lib/gcc/arm-none-eabi/5.4.1/../../../../arm-none-eabi/lib/armv6-m\libg_nano.a(lib_a-sbrkr.o)
 .ARM.attributes
                0x00000653       0x2c c:/program files (x86)/cypress/psoc creator/4.3/psoc creator/import/gnu/arm/5.4.1/bin/../lib/gcc/arm-none-eabi/5.4.1/../../../../arm-none-eabi/lib/armv6-m\libg_nano.a(lib_a-mlock.o)
 .ARM.attributes
                0x0000067f       0x2c c:/program files (x86)/cypress/psoc creator/4.3/psoc creator/import/gnu/arm/5.4.1/bin/../lib/gcc/arm-none-eabi/5.4.1/../../../../arm-none-eabi/lib/armv6-m\libg_nano.a(lib_a-nano-msizer.o)
 .ARM.attributes
                0x000006ab       0x2c c:/program files (x86)/cypress/psoc creator/4.3/psoc creator/import/gnu/arm/5.4.1/bin/../lib/gcc/arm-none-eabi/5.4.1/../../../../arm-none-eabi/lib/armv6-m\libg_nano.a(lib_a-reent.o)
 .ARM.attributes
                0x000006d7       0x2c c:/program files (x86)/cypress/psoc creator/4.3/psoc creator/import/gnu/arm/5.4.1/bin/../lib/gcc/arm-none-eabi/5.4.1/armv6-m/crtend.o
 .ARM.attributes
                0x00000703       0x1e c:/program files (x86)/cypress/psoc creator/4.3/psoc creator/import/gnu/arm/5.4.1/bin/../lib/gcc/arm-none-eabi/5.4.1/armv6-m/crtn.o

/DISCARD/
 *(.note.GNU-stack)
OUTPUT(C:\Users\mac_000\Documents\PSoC Creator\IR-Remo\Prototype01.cydsn\CortexM0\ARM_GCC_541\Debug\Prototype01.elf elf32-littlearm)
