ARM GAS  C:\Users\mac_000\AppData\Local\Temp\cc1tFDOK.s 			page 1


   1              		.syntax unified
   2              		.cpu cortex-m0
   3              		.fpu softvfp
   4              		.eabi_attribute 20, 1
   5              		.eabi_attribute 21, 1
   6              		.eabi_attribute 23, 3
   7              		.eabi_attribute 24, 1
   8              		.eabi_attribute 25, 1
   9              		.eabi_attribute 26, 1
  10              		.eabi_attribute 30, 1
  11              		.eabi_attribute 34, 0
  12              		.eabi_attribute 18, 4
  13              		.thumb
  14              		.syntax unified
  15              		.file	"cyfitter_cfg.c"
  16              		.text
  17              	.Ltext0:
  18              		.cfi_sections	.debug_frame
  19              		.section	.psocinit,"ax",%progbits
  20              		.align	2
  21              		.code	16
  22              		.thumb_func
  23              		.type	ClockSetup, %function
  24              	ClockSetup:
  25              	.LFB3:
  26              		.file 1 "Generated_Source\\PSoC4\\cyfitter_cfg.c"
   1:Generated_Source\PSoC4/cyfitter_cfg.c **** 
   2:Generated_Source\PSoC4/cyfitter_cfg.c **** /*******************************************************************************
   3:Generated_Source\PSoC4/cyfitter_cfg.c **** * File Name: cyfitter_cfg.c
   4:Generated_Source\PSoC4/cyfitter_cfg.c **** * 
   5:Generated_Source\PSoC4/cyfitter_cfg.c **** * PSoC Creator  4.3
   6:Generated_Source\PSoC4/cyfitter_cfg.c **** *
   7:Generated_Source\PSoC4/cyfitter_cfg.c **** * Description:
   8:Generated_Source\PSoC4/cyfitter_cfg.c **** * This file contains device initialization code.
   9:Generated_Source\PSoC4/cyfitter_cfg.c **** * Except for the user defined sections in CyClockStartupError(), this file should not be modified.
  10:Generated_Source\PSoC4/cyfitter_cfg.c **** * This file is automatically generated by PSoC Creator.
  11:Generated_Source\PSoC4/cyfitter_cfg.c **** *
  12:Generated_Source\PSoC4/cyfitter_cfg.c **** ********************************************************************************
  13:Generated_Source\PSoC4/cyfitter_cfg.c **** * Copyright (c) 2007-2019 Cypress Semiconductor.  All rights reserved.
  14:Generated_Source\PSoC4/cyfitter_cfg.c **** * You may use this file only in accordance with the license, terms, conditions, 
  15:Generated_Source\PSoC4/cyfitter_cfg.c **** * disclaimers, and limitations in the end user license agreement accompanying 
  16:Generated_Source\PSoC4/cyfitter_cfg.c **** * the software package with which this file was provided.
  17:Generated_Source\PSoC4/cyfitter_cfg.c **** ********************************************************************************/
  18:Generated_Source\PSoC4/cyfitter_cfg.c **** 
  19:Generated_Source\PSoC4/cyfitter_cfg.c **** #include <string.h>
  20:Generated_Source\PSoC4/cyfitter_cfg.c **** #include "cytypes.h"
  21:Generated_Source\PSoC4/cyfitter_cfg.c **** #include "cydevice_trm.h"
  22:Generated_Source\PSoC4/cyfitter_cfg.c **** #include "cyfitter.h"
  23:Generated_Source\PSoC4/cyfitter_cfg.c **** #include "CyLib.h"
  24:Generated_Source\PSoC4/cyfitter_cfg.c **** #include "cyfitter_cfg.h"
  25:Generated_Source\PSoC4/cyfitter_cfg.c **** #include "cyapicallbacks.h"
  26:Generated_Source\PSoC4/cyfitter_cfg.c **** 
  27:Generated_Source\PSoC4/cyfitter_cfg.c **** 
  28:Generated_Source\PSoC4/cyfitter_cfg.c **** #if defined(__GNUC__) || defined(__ARMCC_VERSION)
  29:Generated_Source\PSoC4/cyfitter_cfg.c ****     #define CYPACKED 
  30:Generated_Source\PSoC4/cyfitter_cfg.c ****     #define CYPACKED_ATTR __attribute__ ((packed))
  31:Generated_Source\PSoC4/cyfitter_cfg.c ****     #define CYALIGNED __attribute__ ((aligned))
ARM GAS  C:\Users\mac_000\AppData\Local\Temp\cc1tFDOK.s 			page 2


  32:Generated_Source\PSoC4/cyfitter_cfg.c ****     #define CY_CFG_UNUSED __attribute__ ((unused))
  33:Generated_Source\PSoC4/cyfitter_cfg.c ****     #ifndef CY_CFG_SECTION
  34:Generated_Source\PSoC4/cyfitter_cfg.c ****         #define CY_CFG_SECTION __attribute__ ((section(".psocinit")))
  35:Generated_Source\PSoC4/cyfitter_cfg.c ****     #endif
  36:Generated_Source\PSoC4/cyfitter_cfg.c ****     
  37:Generated_Source\PSoC4/cyfitter_cfg.c ****     #if defined(__ARMCC_VERSION)
  38:Generated_Source\PSoC4/cyfitter_cfg.c ****         #define CY_CFG_MEMORY_BARRIER() __memory_changed()
  39:Generated_Source\PSoC4/cyfitter_cfg.c ****     #else
  40:Generated_Source\PSoC4/cyfitter_cfg.c ****         #define CY_CFG_MEMORY_BARRIER() __sync_synchronize()
  41:Generated_Source\PSoC4/cyfitter_cfg.c ****     #endif
  42:Generated_Source\PSoC4/cyfitter_cfg.c ****     
  43:Generated_Source\PSoC4/cyfitter_cfg.c **** #elif defined(__ICCARM__)
  44:Generated_Source\PSoC4/cyfitter_cfg.c ****     #include <intrinsics.h>
  45:Generated_Source\PSoC4/cyfitter_cfg.c **** 
  46:Generated_Source\PSoC4/cyfitter_cfg.c ****     #define CYPACKED __packed
  47:Generated_Source\PSoC4/cyfitter_cfg.c ****     #define CYPACKED_ATTR 
  48:Generated_Source\PSoC4/cyfitter_cfg.c ****     #define CYALIGNED _Pragma("data_alignment=4")
  49:Generated_Source\PSoC4/cyfitter_cfg.c ****     #define CY_CFG_UNUSED _Pragma("diag_suppress=Pe177")
  50:Generated_Source\PSoC4/cyfitter_cfg.c ****     #define CY_CFG_SECTION _Pragma("location=\".psocinit\"")
  51:Generated_Source\PSoC4/cyfitter_cfg.c ****     
  52:Generated_Source\PSoC4/cyfitter_cfg.c ****     #define CY_CFG_MEMORY_BARRIER() __DMB()
  53:Generated_Source\PSoC4/cyfitter_cfg.c ****     
  54:Generated_Source\PSoC4/cyfitter_cfg.c **** #else
  55:Generated_Source\PSoC4/cyfitter_cfg.c ****     #error Unsupported toolchain
  56:Generated_Source\PSoC4/cyfitter_cfg.c **** #endif
  57:Generated_Source\PSoC4/cyfitter_cfg.c **** 
  58:Generated_Source\PSoC4/cyfitter_cfg.c **** #ifndef CYCODE
  59:Generated_Source\PSoC4/cyfitter_cfg.c ****     #define CYCODE
  60:Generated_Source\PSoC4/cyfitter_cfg.c **** #endif
  61:Generated_Source\PSoC4/cyfitter_cfg.c **** #ifndef CYDATA
  62:Generated_Source\PSoC4/cyfitter_cfg.c ****     #define CYDATA
  63:Generated_Source\PSoC4/cyfitter_cfg.c **** #endif
  64:Generated_Source\PSoC4/cyfitter_cfg.c **** #ifndef CYFAR
  65:Generated_Source\PSoC4/cyfitter_cfg.c ****     #define CYFAR
  66:Generated_Source\PSoC4/cyfitter_cfg.c **** #endif
  67:Generated_Source\PSoC4/cyfitter_cfg.c **** #ifndef CYXDATA
  68:Generated_Source\PSoC4/cyfitter_cfg.c ****     #define CYXDATA
  69:Generated_Source\PSoC4/cyfitter_cfg.c **** #endif
  70:Generated_Source\PSoC4/cyfitter_cfg.c **** 
  71:Generated_Source\PSoC4/cyfitter_cfg.c **** 
  72:Generated_Source\PSoC4/cyfitter_cfg.c **** CY_CFG_UNUSED
  73:Generated_Source\PSoC4/cyfitter_cfg.c **** static void CYMEMZERO(void *s, size_t n);
  74:Generated_Source\PSoC4/cyfitter_cfg.c **** CY_CFG_UNUSED
  75:Generated_Source\PSoC4/cyfitter_cfg.c **** static void CYMEMZERO(void *s, size_t n)
  76:Generated_Source\PSoC4/cyfitter_cfg.c **** {
  77:Generated_Source\PSoC4/cyfitter_cfg.c **** 	(void)memset(s, 0, n);
  78:Generated_Source\PSoC4/cyfitter_cfg.c **** }
  79:Generated_Source\PSoC4/cyfitter_cfg.c **** CY_CFG_UNUSED
  80:Generated_Source\PSoC4/cyfitter_cfg.c **** static void CYCONFIGCPY(void *dest, const void *src, size_t n);
  81:Generated_Source\PSoC4/cyfitter_cfg.c **** CY_CFG_UNUSED
  82:Generated_Source\PSoC4/cyfitter_cfg.c **** static void CYCONFIGCPY(void *dest, const void *src, size_t n)
  83:Generated_Source\PSoC4/cyfitter_cfg.c **** {
  84:Generated_Source\PSoC4/cyfitter_cfg.c **** 	(void)memcpy(dest, src, n);
  85:Generated_Source\PSoC4/cyfitter_cfg.c **** }
  86:Generated_Source\PSoC4/cyfitter_cfg.c **** CY_CFG_UNUSED
  87:Generated_Source\PSoC4/cyfitter_cfg.c **** static void CYCONFIGCPYCODE(void *dest, const void *src, size_t n);
  88:Generated_Source\PSoC4/cyfitter_cfg.c **** CY_CFG_UNUSED
ARM GAS  C:\Users\mac_000\AppData\Local\Temp\cc1tFDOK.s 			page 3


  89:Generated_Source\PSoC4/cyfitter_cfg.c **** static void CYCONFIGCPYCODE(void *dest, const void *src, size_t n)
  90:Generated_Source\PSoC4/cyfitter_cfg.c **** {
  91:Generated_Source\PSoC4/cyfitter_cfg.c **** 	(void)memcpy(dest, src, n);
  92:Generated_Source\PSoC4/cyfitter_cfg.c **** }
  93:Generated_Source\PSoC4/cyfitter_cfg.c **** 
  94:Generated_Source\PSoC4/cyfitter_cfg.c **** 
  95:Generated_Source\PSoC4/cyfitter_cfg.c **** 
  96:Generated_Source\PSoC4/cyfitter_cfg.c **** 
  97:Generated_Source\PSoC4/cyfitter_cfg.c **** /* Clock startup error codes                                                   */
  98:Generated_Source\PSoC4/cyfitter_cfg.c **** #define CYCLOCKSTART_NO_ERROR    0u
  99:Generated_Source\PSoC4/cyfitter_cfg.c **** #define CYCLOCKSTART_XTAL_ERROR  1u
 100:Generated_Source\PSoC4/cyfitter_cfg.c **** #define CYCLOCKSTART_32KHZ_ERROR 2u
 101:Generated_Source\PSoC4/cyfitter_cfg.c **** #define CYCLOCKSTART_PLL_ERROR   3u
 102:Generated_Source\PSoC4/cyfitter_cfg.c **** #define CYCLOCKSTART_FLL_ERROR   4u
 103:Generated_Source\PSoC4/cyfitter_cfg.c **** #define CYCLOCKSTART_WCO_ERROR   5u
 104:Generated_Source\PSoC4/cyfitter_cfg.c **** 
 105:Generated_Source\PSoC4/cyfitter_cfg.c **** 
 106:Generated_Source\PSoC4/cyfitter_cfg.c **** #ifdef CY_NEED_CYCLOCKSTARTUPERROR
 107:Generated_Source\PSoC4/cyfitter_cfg.c **** /*******************************************************************************
 108:Generated_Source\PSoC4/cyfitter_cfg.c **** * Function Name: CyClockStartupError
 109:Generated_Source\PSoC4/cyfitter_cfg.c **** ********************************************************************************
 110:Generated_Source\PSoC4/cyfitter_cfg.c **** * Summary:
 111:Generated_Source\PSoC4/cyfitter_cfg.c **** *  If an error is encountered during clock configuration (crystal startup error,
 112:Generated_Source\PSoC4/cyfitter_cfg.c **** *  PLL lock error, etc.), the system will end up here.  Unless reimplemented by
 113:Generated_Source\PSoC4/cyfitter_cfg.c **** *  the customer, this function will stop in an infinite loop.
 114:Generated_Source\PSoC4/cyfitter_cfg.c **** *
 115:Generated_Source\PSoC4/cyfitter_cfg.c **** * Parameters:
 116:Generated_Source\PSoC4/cyfitter_cfg.c **** *   void
 117:Generated_Source\PSoC4/cyfitter_cfg.c **** *
 118:Generated_Source\PSoC4/cyfitter_cfg.c **** * Return:
 119:Generated_Source\PSoC4/cyfitter_cfg.c **** *   void
 120:Generated_Source\PSoC4/cyfitter_cfg.c **** *
 121:Generated_Source\PSoC4/cyfitter_cfg.c **** *******************************************************************************/
 122:Generated_Source\PSoC4/cyfitter_cfg.c **** CY_CFG_UNUSED
 123:Generated_Source\PSoC4/cyfitter_cfg.c **** static void CyClockStartupError(uint8 errorCode);
 124:Generated_Source\PSoC4/cyfitter_cfg.c **** CY_CFG_UNUSED
 125:Generated_Source\PSoC4/cyfitter_cfg.c **** static void CyClockStartupError(uint8 errorCode)
 126:Generated_Source\PSoC4/cyfitter_cfg.c **** {
 127:Generated_Source\PSoC4/cyfitter_cfg.c ****     /* To remove the compiler warning if errorCode not used.                */
 128:Generated_Source\PSoC4/cyfitter_cfg.c ****     errorCode = errorCode;
 129:Generated_Source\PSoC4/cyfitter_cfg.c **** 
 130:Generated_Source\PSoC4/cyfitter_cfg.c ****     /* If we have a clock startup error (bad MHz crystal, PLL lock, etc.),  */
 131:Generated_Source\PSoC4/cyfitter_cfg.c ****     /* we will end up here to allow the customer to implement something to  */
 132:Generated_Source\PSoC4/cyfitter_cfg.c ****     /* deal with the clock condition.                                       */
 133:Generated_Source\PSoC4/cyfitter_cfg.c **** 
 134:Generated_Source\PSoC4/cyfitter_cfg.c **** #ifdef CY_CFG_CLOCK_STARTUP_ERROR_CALLBACK
 135:Generated_Source\PSoC4/cyfitter_cfg.c ****     CY_CFG_Clock_Startup_ErrorCallback();
 136:Generated_Source\PSoC4/cyfitter_cfg.c **** #else
 137:Generated_Source\PSoC4/cyfitter_cfg.c ****     /*  If not using CY_CFG_CLOCK_STARTUP_ERROR_CALLBACK, place your clock startup code here. */
 138:Generated_Source\PSoC4/cyfitter_cfg.c ****     /* `#START CyClockStartupError` */
 139:Generated_Source\PSoC4/cyfitter_cfg.c **** 
 140:Generated_Source\PSoC4/cyfitter_cfg.c **** 
 141:Generated_Source\PSoC4/cyfitter_cfg.c **** 
 142:Generated_Source\PSoC4/cyfitter_cfg.c ****     /* `#END` */
 143:Generated_Source\PSoC4/cyfitter_cfg.c **** 
 144:Generated_Source\PSoC4/cyfitter_cfg.c ****     while(1) {}
 145:Generated_Source\PSoC4/cyfitter_cfg.c **** #endif /* CY_CFG_CLOCK_STARTUP_ERROR_CALLBACK */
ARM GAS  C:\Users\mac_000\AppData\Local\Temp\cc1tFDOK.s 			page 4


 146:Generated_Source\PSoC4/cyfitter_cfg.c **** }
 147:Generated_Source\PSoC4/cyfitter_cfg.c **** #endif
 148:Generated_Source\PSoC4/cyfitter_cfg.c **** 
 149:Generated_Source\PSoC4/cyfitter_cfg.c **** 
 150:Generated_Source\PSoC4/cyfitter_cfg.c **** 
 151:Generated_Source\PSoC4/cyfitter_cfg.c **** /*******************************************************************************
 152:Generated_Source\PSoC4/cyfitter_cfg.c **** * Function Name: ClockSetup
 153:Generated_Source\PSoC4/cyfitter_cfg.c **** ********************************************************************************
 154:Generated_Source\PSoC4/cyfitter_cfg.c **** *
 155:Generated_Source\PSoC4/cyfitter_cfg.c **** * Summary:
 156:Generated_Source\PSoC4/cyfitter_cfg.c **** *   Performs the initialization of all of the clocks in the device based on the
 157:Generated_Source\PSoC4/cyfitter_cfg.c **** *   settings in the Clock tab of the DWR.  This includes enabling the requested
 158:Generated_Source\PSoC4/cyfitter_cfg.c **** *   clocks and setting the necessary dividers to produce the desired frequency. 
 159:Generated_Source\PSoC4/cyfitter_cfg.c **** *
 160:Generated_Source\PSoC4/cyfitter_cfg.c **** * Parameters:
 161:Generated_Source\PSoC4/cyfitter_cfg.c **** *   void
 162:Generated_Source\PSoC4/cyfitter_cfg.c **** *
 163:Generated_Source\PSoC4/cyfitter_cfg.c **** * Return:
 164:Generated_Source\PSoC4/cyfitter_cfg.c **** *   void
 165:Generated_Source\PSoC4/cyfitter_cfg.c **** *
 166:Generated_Source\PSoC4/cyfitter_cfg.c **** *******************************************************************************/
 167:Generated_Source\PSoC4/cyfitter_cfg.c **** static void ClockSetup(void);
 168:Generated_Source\PSoC4/cyfitter_cfg.c **** CY_CFG_SECTION
 169:Generated_Source\PSoC4/cyfitter_cfg.c **** static void ClockSetup(void)
 170:Generated_Source\PSoC4/cyfitter_cfg.c **** {
  27              		.loc 1 170 0
  28              		.cfi_startproc
  29              		@ args = 0, pretend = 0, frame = 0
  30              		@ frame_needed = 0, uses_anonymous_args = 0
  31 0000 10B5     		push	{r4, lr}
  32              		.cfi_def_cfa_offset 8
  33              		.cfi_offset 4, -8
  34              		.cfi_offset 14, -4
 171:Generated_Source\PSoC4/cyfitter_cfg.c **** 
 172:Generated_Source\PSoC4/cyfitter_cfg.c **** 	/* Set Flash Cycles based on max possible frequency in case a glitch occurs during ClockSetup(). *
 173:Generated_Source\PSoC4/cyfitter_cfg.c **** 	CY_SET_REG32((void CYXDATA *)(CYREG_CPUSS_FLASH_CTL), (0x0011u));
  35              		.loc 1 173 0
  36 0002 064C     		ldr	r4, .L2
  37 0004 1123     		movs	r3, #17
  38 0006 2360     		str	r3, [r4]
 174:Generated_Source\PSoC4/cyfitter_cfg.c **** 	/* Update IMO to new clock speed. */
 175:Generated_Source\PSoC4/cyfitter_cfg.c **** 	CySysClkWriteImoFreq(24u);
  39              		.loc 1 175 0
  40 0008 1820     		movs	r0, #24
  41 000a FFF7FEFF 		bl	CySysClkWriteImoFreq
  42              	.LVL0:
 176:Generated_Source\PSoC4/cyfitter_cfg.c **** 
 177:Generated_Source\PSoC4/cyfitter_cfg.c **** 	/* Setup phase aligned clocks */
 178:Generated_Source\PSoC4/cyfitter_cfg.c **** 
 179:Generated_Source\PSoC4/cyfitter_cfg.c **** 	/* CYDEV_CLK_SELECT Starting address: CYDEV_CLK_SELECT */
 180:Generated_Source\PSoC4/cyfitter_cfg.c **** 	CY_SET_REG32((void *)(CYREG_CLK_SELECT), 0x00000004u);
  43              		.loc 1 180 0
  44 000e 0422     		movs	r2, #4
  45 0010 034B     		ldr	r3, .L2+4
  46 0012 1A60     		str	r2, [r3]
 181:Generated_Source\PSoC4/cyfitter_cfg.c **** 
 182:Generated_Source\PSoC4/cyfitter_cfg.c **** 	/* Set Flash Cycles based on newly configured 12.00MHz HFCLK. */
ARM GAS  C:\Users\mac_000\AppData\Local\Temp\cc1tFDOK.s 			page 5


 183:Generated_Source\PSoC4/cyfitter_cfg.c **** 	CY_SET_REG32((void CYXDATA *)(CYREG_CPUSS_FLASH_CTL), (0x0000u));
  47              		.loc 1 183 0
  48 0014 0023     		movs	r3, #0
  49 0016 2360     		str	r3, [r4]
 184:Generated_Source\PSoC4/cyfitter_cfg.c **** }
  50              		.loc 1 184 0
  51              		@ sp needed
  52 0018 10BD     		pop	{r4, pc}
  53              	.L3:
  54 001a C046     		.align	2
  55              	.L2:
  56 001c 30001040 		.word	1074790448
  57 0020 28000340 		.word	1073938472
  58              		.cfi_endproc
  59              	.LFE3:
  60              		.size	ClockSetup, .-ClockSetup
  61              		.align	2
  62              		.global	cyfitter_cfg
  63              		.code	16
  64              		.thumb_func
  65              		.type	cyfitter_cfg, %function
  66              	cyfitter_cfg:
  67              	.LFB5:
 185:Generated_Source\PSoC4/cyfitter_cfg.c **** 
 186:Generated_Source\PSoC4/cyfitter_cfg.c **** 
 187:Generated_Source\PSoC4/cyfitter_cfg.c **** /* Analog API Functions */
 188:Generated_Source\PSoC4/cyfitter_cfg.c **** 
 189:Generated_Source\PSoC4/cyfitter_cfg.c **** 
 190:Generated_Source\PSoC4/cyfitter_cfg.c **** /*******************************************************************************
 191:Generated_Source\PSoC4/cyfitter_cfg.c **** * Function Name: AnalogSetDefault
 192:Generated_Source\PSoC4/cyfitter_cfg.c **** ********************************************************************************
 193:Generated_Source\PSoC4/cyfitter_cfg.c **** *
 194:Generated_Source\PSoC4/cyfitter_cfg.c **** * Summary:
 195:Generated_Source\PSoC4/cyfitter_cfg.c **** *  Sets up the analog portions of the chip to default values based on chip
 196:Generated_Source\PSoC4/cyfitter_cfg.c **** *  configuration options from the project.
 197:Generated_Source\PSoC4/cyfitter_cfg.c **** *
 198:Generated_Source\PSoC4/cyfitter_cfg.c **** * Parameters:
 199:Generated_Source\PSoC4/cyfitter_cfg.c **** *  void
 200:Generated_Source\PSoC4/cyfitter_cfg.c **** *
 201:Generated_Source\PSoC4/cyfitter_cfg.c **** * Return:
 202:Generated_Source\PSoC4/cyfitter_cfg.c **** *  void
 203:Generated_Source\PSoC4/cyfitter_cfg.c **** *
 204:Generated_Source\PSoC4/cyfitter_cfg.c **** *******************************************************************************/
 205:Generated_Source\PSoC4/cyfitter_cfg.c **** static void AnalogSetDefault(void);
 206:Generated_Source\PSoC4/cyfitter_cfg.c **** static void AnalogSetDefault(void)
 207:Generated_Source\PSoC4/cyfitter_cfg.c **** {
 208:Generated_Source\PSoC4/cyfitter_cfg.c **** }
 209:Generated_Source\PSoC4/cyfitter_cfg.c **** 
 210:Generated_Source\PSoC4/cyfitter_cfg.c **** 
 211:Generated_Source\PSoC4/cyfitter_cfg.c **** 
 212:Generated_Source\PSoC4/cyfitter_cfg.c **** 
 213:Generated_Source\PSoC4/cyfitter_cfg.c **** /*******************************************************************************
 214:Generated_Source\PSoC4/cyfitter_cfg.c **** * Function Name: cyfitter_cfg
 215:Generated_Source\PSoC4/cyfitter_cfg.c **** ********************************************************************************
 216:Generated_Source\PSoC4/cyfitter_cfg.c **** * Summary:
 217:Generated_Source\PSoC4/cyfitter_cfg.c **** *  This function is called by the start-up code for the selected device. It
 218:Generated_Source\PSoC4/cyfitter_cfg.c **** *  performs all of the necessary device configuration based on the design
ARM GAS  C:\Users\mac_000\AppData\Local\Temp\cc1tFDOK.s 			page 6


 219:Generated_Source\PSoC4/cyfitter_cfg.c **** *  settings.  This includes settings from the Design Wide Resources (DWR) such
 220:Generated_Source\PSoC4/cyfitter_cfg.c **** *  as Clocks and Pins as well as any component configuration that is necessary.
 221:Generated_Source\PSoC4/cyfitter_cfg.c **** *
 222:Generated_Source\PSoC4/cyfitter_cfg.c **** * Parameters:
 223:Generated_Source\PSoC4/cyfitter_cfg.c **** *   void
 224:Generated_Source\PSoC4/cyfitter_cfg.c **** *
 225:Generated_Source\PSoC4/cyfitter_cfg.c **** * Return:
 226:Generated_Source\PSoC4/cyfitter_cfg.c **** *   void
 227:Generated_Source\PSoC4/cyfitter_cfg.c **** *
 228:Generated_Source\PSoC4/cyfitter_cfg.c **** *******************************************************************************/
 229:Generated_Source\PSoC4/cyfitter_cfg.c **** CY_CFG_SECTION
 230:Generated_Source\PSoC4/cyfitter_cfg.c **** void cyfitter_cfg(void)
 231:Generated_Source\PSoC4/cyfitter_cfg.c **** {
  68              		.loc 1 231 0
  69              		.cfi_startproc
  70              		@ args = 0, pretend = 0, frame = 0
  71              		@ frame_needed = 0, uses_anonymous_args = 0
  72 0024 10B5     		push	{r4, lr}
  73              		.cfi_def_cfa_offset 8
  74              		.cfi_offset 4, -8
  75              		.cfi_offset 14, -4
 232:Generated_Source\PSoC4/cyfitter_cfg.c **** 	/* Disable interrupts by default. Let user enable if/when they want. */
 233:Generated_Source\PSoC4/cyfitter_cfg.c **** 	CyGlobalIntDisable;
  76              		.loc 1 233 0
  77              		.syntax divided
  78              	@ 233 "Generated_Source\PSoC4\cyfitter_cfg.c" 1
  79 0026 72B6     		CPSID   i
  80              	@ 0 "" 2
 234:Generated_Source\PSoC4/cyfitter_cfg.c **** 
 235:Generated_Source\PSoC4/cyfitter_cfg.c **** 	{
 236:Generated_Source\PSoC4/cyfitter_cfg.c **** 		/* HSIOM Starting address: CYDEV_HSIOM_BASE */
 237:Generated_Source\PSoC4/cyfitter_cfg.c **** 		CY_SET_REG32((void *)(CYREG_HSIOM_PORT_SEL3), 0x000000FFu);
  81              		.loc 1 237 0
  82              		.thumb
  83              		.syntax unified
  84 0028 FF22     		movs	r2, #255
  85 002a 044B     		ldr	r3, .L5
  86 002c 1A60     		str	r2, [r3]
 238:Generated_Source\PSoC4/cyfitter_cfg.c **** 
 239:Generated_Source\PSoC4/cyfitter_cfg.c **** 	}
 240:Generated_Source\PSoC4/cyfitter_cfg.c **** 
 241:Generated_Source\PSoC4/cyfitter_cfg.c **** 	/* Perform second pass device configuration. These items must be configured in specific order afte
 242:Generated_Source\PSoC4/cyfitter_cfg.c **** 	/* IOPINS0_3 Starting address: CYDEV_GPIO_PRT3_BASE */
 243:Generated_Source\PSoC4/cyfitter_cfg.c **** 	CY_SET_REG32((void *)(CYREG_GPIO_PRT3_PC), 0x00000036u);
  87              		.loc 1 243 0
  88 002e C93A     		subs	r2, r2, #201
  89 0030 034B     		ldr	r3, .L5+4
  90 0032 1A60     		str	r2, [r3]
 244:Generated_Source\PSoC4/cyfitter_cfg.c **** 
 245:Generated_Source\PSoC4/cyfitter_cfg.c **** 
 246:Generated_Source\PSoC4/cyfitter_cfg.c **** 	/* Setup clocks based on selections from Clock DWR */
 247:Generated_Source\PSoC4/cyfitter_cfg.c **** 	ClockSetup();
  91              		.loc 1 247 0
  92 0034 FFF7E4FF 		bl	ClockSetup
  93              	.LVL1:
 248:Generated_Source\PSoC4/cyfitter_cfg.c **** 
 249:Generated_Source\PSoC4/cyfitter_cfg.c **** 	/* Perform basic analog initialization to defaults */
ARM GAS  C:\Users\mac_000\AppData\Local\Temp\cc1tFDOK.s 			page 7


 250:Generated_Source\PSoC4/cyfitter_cfg.c **** 	AnalogSetDefault();
 251:Generated_Source\PSoC4/cyfitter_cfg.c **** 
 252:Generated_Source\PSoC4/cyfitter_cfg.c **** }
  94              		.loc 1 252 0
  95              		@ sp needed
  96 0038 10BD     		pop	{r4, pc}
  97              	.L6:
  98 003a C046     		.align	2
  99              	.L5:
 100 003c 00030240 		.word	1073873664
 101 0040 08030440 		.word	1074004744
 102              		.cfi_endproc
 103              	.LFE5:
 104              		.size	cyfitter_cfg, .-cyfitter_cfg
 105              		.text
 106              	.Letext0:
 107              		.file 2 "Generated_Source\\PSoC4\\cytypes.h"
 108              		.file 3 "Generated_Source\\PSoC4\\CyLib.h"
 109              		.section	.debug_info,"",%progbits
 110              	.Ldebug_info0:
 111 0000 F7000000 		.4byte	0xf7
 112 0004 0400     		.2byte	0x4
 113 0006 00000000 		.4byte	.Ldebug_abbrev0
 114 000a 04       		.byte	0x4
 115 000b 01       		.uleb128 0x1
 116 000c 08010000 		.4byte	.LASF16
 117 0010 0C       		.byte	0xc
 118 0011 15000000 		.4byte	.LASF17
 119 0015 48000000 		.4byte	.LASF18
 120 0019 00000000 		.4byte	.Ldebug_ranges0+0
 121 001d 00000000 		.4byte	0
 122 0021 00000000 		.4byte	.Ldebug_line0
 123 0025 02       		.uleb128 0x2
 124 0026 04       		.byte	0x4
 125 0027 05       		.byte	0x5
 126 0028 696E7400 		.ascii	"int\000"
 127 002c 03       		.uleb128 0x3
 128 002d 04       		.byte	0x4
 129 002e 07       		.byte	0x7
 130 002f 3B000000 		.4byte	.LASF0
 131 0033 03       		.uleb128 0x3
 132 0034 08       		.byte	0x8
 133 0035 05       		.byte	0x5
 134 0036 00000000 		.4byte	.LASF1
 135 003a 03       		.uleb128 0x3
 136 003b 08       		.byte	0x8
 137 003c 04       		.byte	0x4
 138 003d B5010000 		.4byte	.LASF2
 139 0041 03       		.uleb128 0x3
 140 0042 01       		.byte	0x1
 141 0043 06       		.byte	0x6
 142 0044 A9010000 		.4byte	.LASF3
 143 0048 03       		.uleb128 0x3
 144 0049 01       		.byte	0x1
 145 004a 08       		.byte	0x8
 146 004b D4000000 		.4byte	.LASF4
 147 004f 03       		.uleb128 0x3
ARM GAS  C:\Users\mac_000\AppData\Local\Temp\cc1tFDOK.s 			page 8


 148 0050 02       		.byte	0x2
 149 0051 05       		.byte	0x5
 150 0052 C1010000 		.4byte	.LASF5
 151 0056 03       		.uleb128 0x3
 152 0057 02       		.byte	0x2
 153 0058 07       		.byte	0x7
 154 0059 96010000 		.4byte	.LASF6
 155 005d 03       		.uleb128 0x3
 156 005e 04       		.byte	0x4
 157 005f 05       		.byte	0x5
 158 0060 E7000000 		.4byte	.LASF7
 159 0064 03       		.uleb128 0x3
 160 0065 04       		.byte	0x4
 161 0066 07       		.byte	0x7
 162 0067 98000000 		.4byte	.LASF8
 163 006b 03       		.uleb128 0x3
 164 006c 08       		.byte	0x8
 165 006d 07       		.byte	0x7
 166 006e B7000000 		.4byte	.LASF9
 167 0072 03       		.uleb128 0x3
 168 0073 04       		.byte	0x4
 169 0074 07       		.byte	0x7
 170 0075 CB010000 		.4byte	.LASF10
 171 0079 03       		.uleb128 0x3
 172 007a 01       		.byte	0x1
 173 007b 08       		.byte	0x8
 174 007c E2000000 		.4byte	.LASF11
 175 0080 04       		.uleb128 0x4
 176 0081 0E000000 		.4byte	.LASF14
 177 0085 02       		.byte	0x2
 178 0086 F901     		.2byte	0x1f9
 179 0088 64000000 		.4byte	0x64
 180 008c 03       		.uleb128 0x3
 181 008d 04       		.byte	0x4
 182 008e 04       		.byte	0x4
 183 008f CE000000 		.4byte	.LASF12
 184 0093 03       		.uleb128 0x3
 185 0094 08       		.byte	0x8
 186 0095 04       		.byte	0x4
 187 0096 FB000000 		.4byte	.LASF13
 188 009a 04       		.uleb128 0x4
 189 009b 02010000 		.4byte	.LASF15
 190 009f 02       		.byte	0x2
 191 00a0 A302     		.2byte	0x2a3
 192 00a2 A6000000 		.4byte	0xa6
 193 00a6 05       		.uleb128 0x5
 194 00a7 80000000 		.4byte	0x80
 195 00ab 06       		.uleb128 0x6
 196 00ac F0000000 		.4byte	.LASF19
 197 00b0 01       		.byte	0x1
 198 00b1 A9       		.byte	0xa9
 199 00b2 00000000 		.4byte	.LFB3
 200 00b6 24000000 		.4byte	.LFE3-.LFB3
 201 00ba 01       		.uleb128 0x1
 202 00bb 9C       		.byte	0x9c
 203 00bc D0000000 		.4byte	0xd0
 204 00c0 07       		.uleb128 0x7
ARM GAS  C:\Users\mac_000\AppData\Local\Temp\cc1tFDOK.s 			page 9


 205 00c1 0E000000 		.4byte	.LVL0
 206 00c5 EF000000 		.4byte	0xef
 207 00c9 08       		.uleb128 0x8
 208 00ca 01       		.uleb128 0x1
 209 00cb 50       		.byte	0x50
 210 00cc 01       		.uleb128 0x1
 211 00cd 48       		.byte	0x48
 212 00ce 00       		.byte	0
 213 00cf 00       		.byte	0
 214 00d0 09       		.uleb128 0x9
 215 00d1 AA000000 		.4byte	.LASF20
 216 00d5 01       		.byte	0x1
 217 00d6 E6       		.byte	0xe6
 218 00d7 24000000 		.4byte	.LFB5
 219 00db 20000000 		.4byte	.LFE5-.LFB5
 220 00df 01       		.uleb128 0x1
 221 00e0 9C       		.byte	0x9c
 222 00e1 EF000000 		.4byte	0xef
 223 00e5 0A       		.uleb128 0xa
 224 00e6 38000000 		.4byte	.LVL1
 225 00ea AB000000 		.4byte	0xab
 226 00ee 00       		.byte	0
 227 00ef 0B       		.uleb128 0xb
 228 00f0 83000000 		.4byte	.LASF21
 229 00f4 83000000 		.4byte	.LASF21
 230 00f8 03       		.byte	0x3
 231 00f9 6C       		.byte	0x6c
 232 00fa 00       		.byte	0
 233              		.section	.debug_abbrev,"",%progbits
 234              	.Ldebug_abbrev0:
 235 0000 01       		.uleb128 0x1
 236 0001 11       		.uleb128 0x11
 237 0002 01       		.byte	0x1
 238 0003 25       		.uleb128 0x25
 239 0004 0E       		.uleb128 0xe
 240 0005 13       		.uleb128 0x13
 241 0006 0B       		.uleb128 0xb
 242 0007 03       		.uleb128 0x3
 243 0008 0E       		.uleb128 0xe
 244 0009 1B       		.uleb128 0x1b
 245 000a 0E       		.uleb128 0xe
 246 000b 55       		.uleb128 0x55
 247 000c 17       		.uleb128 0x17
 248 000d 11       		.uleb128 0x11
 249 000e 01       		.uleb128 0x1
 250 000f 10       		.uleb128 0x10
 251 0010 17       		.uleb128 0x17
 252 0011 00       		.byte	0
 253 0012 00       		.byte	0
 254 0013 02       		.uleb128 0x2
 255 0014 24       		.uleb128 0x24
 256 0015 00       		.byte	0
 257 0016 0B       		.uleb128 0xb
 258 0017 0B       		.uleb128 0xb
 259 0018 3E       		.uleb128 0x3e
 260 0019 0B       		.uleb128 0xb
 261 001a 03       		.uleb128 0x3
ARM GAS  C:\Users\mac_000\AppData\Local\Temp\cc1tFDOK.s 			page 10


 262 001b 08       		.uleb128 0x8
 263 001c 00       		.byte	0
 264 001d 00       		.byte	0
 265 001e 03       		.uleb128 0x3
 266 001f 24       		.uleb128 0x24
 267 0020 00       		.byte	0
 268 0021 0B       		.uleb128 0xb
 269 0022 0B       		.uleb128 0xb
 270 0023 3E       		.uleb128 0x3e
 271 0024 0B       		.uleb128 0xb
 272 0025 03       		.uleb128 0x3
 273 0026 0E       		.uleb128 0xe
 274 0027 00       		.byte	0
 275 0028 00       		.byte	0
 276 0029 04       		.uleb128 0x4
 277 002a 16       		.uleb128 0x16
 278 002b 00       		.byte	0
 279 002c 03       		.uleb128 0x3
 280 002d 0E       		.uleb128 0xe
 281 002e 3A       		.uleb128 0x3a
 282 002f 0B       		.uleb128 0xb
 283 0030 3B       		.uleb128 0x3b
 284 0031 05       		.uleb128 0x5
 285 0032 49       		.uleb128 0x49
 286 0033 13       		.uleb128 0x13
 287 0034 00       		.byte	0
 288 0035 00       		.byte	0
 289 0036 05       		.uleb128 0x5
 290 0037 35       		.uleb128 0x35
 291 0038 00       		.byte	0
 292 0039 49       		.uleb128 0x49
 293 003a 13       		.uleb128 0x13
 294 003b 00       		.byte	0
 295 003c 00       		.byte	0
 296 003d 06       		.uleb128 0x6
 297 003e 2E       		.uleb128 0x2e
 298 003f 01       		.byte	0x1
 299 0040 03       		.uleb128 0x3
 300 0041 0E       		.uleb128 0xe
 301 0042 3A       		.uleb128 0x3a
 302 0043 0B       		.uleb128 0xb
 303 0044 3B       		.uleb128 0x3b
 304 0045 0B       		.uleb128 0xb
 305 0046 27       		.uleb128 0x27
 306 0047 19       		.uleb128 0x19
 307 0048 11       		.uleb128 0x11
 308 0049 01       		.uleb128 0x1
 309 004a 12       		.uleb128 0x12
 310 004b 06       		.uleb128 0x6
 311 004c 40       		.uleb128 0x40
 312 004d 18       		.uleb128 0x18
 313 004e 9742     		.uleb128 0x2117
 314 0050 19       		.uleb128 0x19
 315 0051 01       		.uleb128 0x1
 316 0052 13       		.uleb128 0x13
 317 0053 00       		.byte	0
 318 0054 00       		.byte	0
ARM GAS  C:\Users\mac_000\AppData\Local\Temp\cc1tFDOK.s 			page 11


 319 0055 07       		.uleb128 0x7
 320 0056 898201   		.uleb128 0x4109
 321 0059 01       		.byte	0x1
 322 005a 11       		.uleb128 0x11
 323 005b 01       		.uleb128 0x1
 324 005c 31       		.uleb128 0x31
 325 005d 13       		.uleb128 0x13
 326 005e 00       		.byte	0
 327 005f 00       		.byte	0
 328 0060 08       		.uleb128 0x8
 329 0061 8A8201   		.uleb128 0x410a
 330 0064 00       		.byte	0
 331 0065 02       		.uleb128 0x2
 332 0066 18       		.uleb128 0x18
 333 0067 9142     		.uleb128 0x2111
 334 0069 18       		.uleb128 0x18
 335 006a 00       		.byte	0
 336 006b 00       		.byte	0
 337 006c 09       		.uleb128 0x9
 338 006d 2E       		.uleb128 0x2e
 339 006e 01       		.byte	0x1
 340 006f 3F       		.uleb128 0x3f
 341 0070 19       		.uleb128 0x19
 342 0071 03       		.uleb128 0x3
 343 0072 0E       		.uleb128 0xe
 344 0073 3A       		.uleb128 0x3a
 345 0074 0B       		.uleb128 0xb
 346 0075 3B       		.uleb128 0x3b
 347 0076 0B       		.uleb128 0xb
 348 0077 27       		.uleb128 0x27
 349 0078 19       		.uleb128 0x19
 350 0079 11       		.uleb128 0x11
 351 007a 01       		.uleb128 0x1
 352 007b 12       		.uleb128 0x12
 353 007c 06       		.uleb128 0x6
 354 007d 40       		.uleb128 0x40
 355 007e 18       		.uleb128 0x18
 356 007f 9742     		.uleb128 0x2117
 357 0081 19       		.uleb128 0x19
 358 0082 01       		.uleb128 0x1
 359 0083 13       		.uleb128 0x13
 360 0084 00       		.byte	0
 361 0085 00       		.byte	0
 362 0086 0A       		.uleb128 0xa
 363 0087 898201   		.uleb128 0x4109
 364 008a 00       		.byte	0
 365 008b 11       		.uleb128 0x11
 366 008c 01       		.uleb128 0x1
 367 008d 31       		.uleb128 0x31
 368 008e 13       		.uleb128 0x13
 369 008f 00       		.byte	0
 370 0090 00       		.byte	0
 371 0091 0B       		.uleb128 0xb
 372 0092 2E       		.uleb128 0x2e
 373 0093 00       		.byte	0
 374 0094 3F       		.uleb128 0x3f
 375 0095 19       		.uleb128 0x19
ARM GAS  C:\Users\mac_000\AppData\Local\Temp\cc1tFDOK.s 			page 12


 376 0096 3C       		.uleb128 0x3c
 377 0097 19       		.uleb128 0x19
 378 0098 6E       		.uleb128 0x6e
 379 0099 0E       		.uleb128 0xe
 380 009a 03       		.uleb128 0x3
 381 009b 0E       		.uleb128 0xe
 382 009c 3A       		.uleb128 0x3a
 383 009d 0B       		.uleb128 0xb
 384 009e 3B       		.uleb128 0x3b
 385 009f 0B       		.uleb128 0xb
 386 00a0 00       		.byte	0
 387 00a1 00       		.byte	0
 388 00a2 00       		.byte	0
 389              		.section	.debug_aranges,"",%progbits
 390 0000 24000000 		.4byte	0x24
 391 0004 0200     		.2byte	0x2
 392 0006 00000000 		.4byte	.Ldebug_info0
 393 000a 04       		.byte	0x4
 394 000b 00       		.byte	0
 395 000c 0000     		.2byte	0
 396 000e 0000     		.2byte	0
 397 0010 00000000 		.4byte	.LFB3
 398 0014 24000000 		.4byte	.LFE3-.LFB3
 399 0018 24000000 		.4byte	.LFB5
 400 001c 20000000 		.4byte	.LFE5-.LFB5
 401 0020 00000000 		.4byte	0
 402 0024 00000000 		.4byte	0
 403              		.section	.debug_ranges,"",%progbits
 404              	.Ldebug_ranges0:
 405 0000 00000000 		.4byte	.LFB3
 406 0004 24000000 		.4byte	.LFE3
 407 0008 24000000 		.4byte	.LFB5
 408 000c 44000000 		.4byte	.LFE5
 409 0010 00000000 		.4byte	0
 410 0014 00000000 		.4byte	0
 411              		.section	.debug_line,"",%progbits
 412              	.Ldebug_line0:
 413 0000 77000000 		.section	.debug_str,"MS",%progbits,1
 413      02005400 
 413      00000201 
 413      FB0E0D00 
 413      01010101 
 414              	.LASF1:
 415 0000 6C6F6E67 		.ascii	"long long int\000"
 415      206C6F6E 
 415      6720696E 
 415      7400
 416              	.LASF14:
 417 000e 75696E74 		.ascii	"uint32\000"
 417      333200
 418              	.LASF17:
 419 0015 47656E65 		.ascii	"Generated_Source\\PSoC4\\cyfitter_cfg.c\000"
 419      72617465 
 419      645F536F 
 419      75726365 
 419      5C50536F 
 420              	.LASF0:
ARM GAS  C:\Users\mac_000\AppData\Local\Temp\cc1tFDOK.s 			page 13


 421 003b 756E7369 		.ascii	"unsigned int\000"
 421      676E6564 
 421      20696E74 
 421      00
 422              	.LASF18:
 423 0048 433A5C55 		.ascii	"C:\\Users\\mac_000\\Documents\\Git_IR_REMO\\Chip\\D"
 423      73657273 
 423      5C6D6163 
 423      5F303030 
 423      5C446F63 
 424 0075 65736967 		.ascii	"esign01.cydsn\000"
 424      6E30312E 
 424      63796473 
 424      6E00
 425              	.LASF21:
 426 0083 43795379 		.ascii	"CySysClkWriteImoFreq\000"
 426      73436C6B 
 426      57726974 
 426      65496D6F 
 426      46726571 
 427              	.LASF8:
 428 0098 6C6F6E67 		.ascii	"long unsigned int\000"
 428      20756E73 
 428      69676E65 
 428      6420696E 
 428      7400
 429              	.LASF20:
 430 00aa 63796669 		.ascii	"cyfitter_cfg\000"
 430      74746572 
 430      5F636667 
 430      00
 431              	.LASF9:
 432 00b7 6C6F6E67 		.ascii	"long long unsigned int\000"
 432      206C6F6E 
 432      6720756E 
 432      7369676E 
 432      65642069 
 433              	.LASF12:
 434 00ce 666C6F61 		.ascii	"float\000"
 434      7400
 435              	.LASF4:
 436 00d4 756E7369 		.ascii	"unsigned char\000"
 436      676E6564 
 436      20636861 
 436      7200
 437              	.LASF11:
 438 00e2 63686172 		.ascii	"char\000"
 438      00
 439              	.LASF7:
 440 00e7 6C6F6E67 		.ascii	"long int\000"
 440      20696E74 
 440      00
 441              	.LASF19:
 442 00f0 436C6F63 		.ascii	"ClockSetup\000"
 442      6B536574 
 442      757000
 443              	.LASF13:
ARM GAS  C:\Users\mac_000\AppData\Local\Temp\cc1tFDOK.s 			page 14


 444 00fb 646F7562 		.ascii	"double\000"
 444      6C6500
 445              	.LASF15:
 446 0102 72656733 		.ascii	"reg32\000"
 446      3200
 447              	.LASF16:
 448 0108 474E5520 		.ascii	"GNU C11 5.4.1 20160609 (release) [ARM/embedded-5-br"
 448      43313120 
 448      352E342E 
 448      31203230 
 448      31363036 
 449 013b 616E6368 		.ascii	"anch revision 237715] -mcpu=cortex-m0 -mthumb -g -O"
 449      20726576 
 449      6973696F 
 449      6E203233 
 449      37373135 
 450 016e 67202D66 		.ascii	"g -ffunction-sections -ffat-lto-objects\000"
 450      66756E63 
 450      74696F6E 
 450      2D736563 
 450      74696F6E 
 451              	.LASF6:
 452 0196 73686F72 		.ascii	"short unsigned int\000"
 452      7420756E 
 452      7369676E 
 452      65642069 
 452      6E7400
 453              	.LASF3:
 454 01a9 7369676E 		.ascii	"signed char\000"
 454      65642063 
 454      68617200 
 455              	.LASF2:
 456 01b5 6C6F6E67 		.ascii	"long double\000"
 456      20646F75 
 456      626C6500 
 457              	.LASF5:
 458 01c1 73686F72 		.ascii	"short int\000"
 458      7420696E 
 458      7400
 459              	.LASF10:
 460 01cb 73697A65 		.ascii	"sizetype\000"
 460      74797065 
 460      00
 461              		.ident	"GCC: (GNU Tools for ARM Embedded Processors) 5.4.1 20160609 (release) [ARM/embedded-5-bran
