ARM GAS  C:\Users\mac_000\AppData\Local\Temp\ccQSCYL3.s 			page 1


   1              		.syntax unified
   2              		.cpu cortex-m0
   3              		.fpu softvfp
   4              		.eabi_attribute 20, 1
   5              		.eabi_attribute 21, 1
   6              		.eabi_attribute 23, 3
   7              		.eabi_attribute 24, 1
   8              		.eabi_attribute 25, 1
   9              		.eabi_attribute 26, 1
  10              		.eabi_attribute 30, 1
  11              		.eabi_attribute 34, 0
  12              		.eabi_attribute 18, 4
  13              		.thumb
  14              		.syntax unified
  15              		.file	"cyfitter_cfg.c"
  16              		.text
  17              	.Ltext0:
  18              		.cfi_sections	.debug_frame
  19              		.section	.psocinit,"ax",%progbits
  20              		.align	2
  21              		.code	16
  22              		.thumb_func
  23              		.type	ClockSetup, %function
  24              	ClockSetup:
  25              	.LFB3:
  26              		.file 1 "Generated_Source\\PSoC4\\cyfitter_cfg.c"
   1:Generated_Source\PSoC4/cyfitter_cfg.c **** 
   2:Generated_Source\PSoC4/cyfitter_cfg.c **** /*******************************************************************************
   3:Generated_Source\PSoC4/cyfitter_cfg.c **** * File Name: cyfitter_cfg.c
   4:Generated_Source\PSoC4/cyfitter_cfg.c **** * 
   5:Generated_Source\PSoC4/cyfitter_cfg.c **** * PSoC Creator  4.3
   6:Generated_Source\PSoC4/cyfitter_cfg.c **** *
   7:Generated_Source\PSoC4/cyfitter_cfg.c **** * Description:
   8:Generated_Source\PSoC4/cyfitter_cfg.c **** * This file contains device initialization code.
   9:Generated_Source\PSoC4/cyfitter_cfg.c **** * Except for the user defined sections in CyClockStartupError(), this file should not be modified.
  10:Generated_Source\PSoC4/cyfitter_cfg.c **** * This file is automatically generated by PSoC Creator.
  11:Generated_Source\PSoC4/cyfitter_cfg.c **** *
  12:Generated_Source\PSoC4/cyfitter_cfg.c **** ********************************************************************************
  13:Generated_Source\PSoC4/cyfitter_cfg.c **** * Copyright (c) 2007-2019 Cypress Semiconductor.  All rights reserved.
  14:Generated_Source\PSoC4/cyfitter_cfg.c **** * You may use this file only in accordance with the license, terms, conditions, 
  15:Generated_Source\PSoC4/cyfitter_cfg.c **** * disclaimers, and limitations in the end user license agreement accompanying 
  16:Generated_Source\PSoC4/cyfitter_cfg.c **** * the software package with which this file was provided.
  17:Generated_Source\PSoC4/cyfitter_cfg.c **** ********************************************************************************/
  18:Generated_Source\PSoC4/cyfitter_cfg.c **** 
  19:Generated_Source\PSoC4/cyfitter_cfg.c **** #include <string.h>
  20:Generated_Source\PSoC4/cyfitter_cfg.c **** #include "cytypes.h"
  21:Generated_Source\PSoC4/cyfitter_cfg.c **** #include "cydevice_trm.h"
  22:Generated_Source\PSoC4/cyfitter_cfg.c **** #include "cyfitter.h"
  23:Generated_Source\PSoC4/cyfitter_cfg.c **** #include "CyLib.h"
  24:Generated_Source\PSoC4/cyfitter_cfg.c **** #include "cyfitter_cfg.h"
  25:Generated_Source\PSoC4/cyfitter_cfg.c **** #include "cyapicallbacks.h"
  26:Generated_Source\PSoC4/cyfitter_cfg.c **** 
  27:Generated_Source\PSoC4/cyfitter_cfg.c **** 
  28:Generated_Source\PSoC4/cyfitter_cfg.c **** #if defined(__GNUC__) || defined(__ARMCC_VERSION)
  29:Generated_Source\PSoC4/cyfitter_cfg.c ****     #define CYPACKED 
  30:Generated_Source\PSoC4/cyfitter_cfg.c ****     #define CYPACKED_ATTR __attribute__ ((packed))
  31:Generated_Source\PSoC4/cyfitter_cfg.c ****     #define CYALIGNED __attribute__ ((aligned))
ARM GAS  C:\Users\mac_000\AppData\Local\Temp\ccQSCYL3.s 			page 2


  32:Generated_Source\PSoC4/cyfitter_cfg.c ****     #define CY_CFG_UNUSED __attribute__ ((unused))
  33:Generated_Source\PSoC4/cyfitter_cfg.c ****     #ifndef CY_CFG_SECTION
  34:Generated_Source\PSoC4/cyfitter_cfg.c ****         #define CY_CFG_SECTION __attribute__ ((section(".psocinit")))
  35:Generated_Source\PSoC4/cyfitter_cfg.c ****     #endif
  36:Generated_Source\PSoC4/cyfitter_cfg.c ****     
  37:Generated_Source\PSoC4/cyfitter_cfg.c ****     #if defined(__ARMCC_VERSION)
  38:Generated_Source\PSoC4/cyfitter_cfg.c ****         #define CY_CFG_MEMORY_BARRIER() __memory_changed()
  39:Generated_Source\PSoC4/cyfitter_cfg.c ****     #else
  40:Generated_Source\PSoC4/cyfitter_cfg.c ****         #define CY_CFG_MEMORY_BARRIER() __sync_synchronize()
  41:Generated_Source\PSoC4/cyfitter_cfg.c ****     #endif
  42:Generated_Source\PSoC4/cyfitter_cfg.c ****     
  43:Generated_Source\PSoC4/cyfitter_cfg.c **** #elif defined(__ICCARM__)
  44:Generated_Source\PSoC4/cyfitter_cfg.c ****     #include <intrinsics.h>
  45:Generated_Source\PSoC4/cyfitter_cfg.c **** 
  46:Generated_Source\PSoC4/cyfitter_cfg.c ****     #define CYPACKED __packed
  47:Generated_Source\PSoC4/cyfitter_cfg.c ****     #define CYPACKED_ATTR 
  48:Generated_Source\PSoC4/cyfitter_cfg.c ****     #define CYALIGNED _Pragma("data_alignment=4")
  49:Generated_Source\PSoC4/cyfitter_cfg.c ****     #define CY_CFG_UNUSED _Pragma("diag_suppress=Pe177")
  50:Generated_Source\PSoC4/cyfitter_cfg.c ****     #define CY_CFG_SECTION _Pragma("location=\".psocinit\"")
  51:Generated_Source\PSoC4/cyfitter_cfg.c ****     
  52:Generated_Source\PSoC4/cyfitter_cfg.c ****     #define CY_CFG_MEMORY_BARRIER() __DMB()
  53:Generated_Source\PSoC4/cyfitter_cfg.c ****     
  54:Generated_Source\PSoC4/cyfitter_cfg.c **** #else
  55:Generated_Source\PSoC4/cyfitter_cfg.c ****     #error Unsupported toolchain
  56:Generated_Source\PSoC4/cyfitter_cfg.c **** #endif
  57:Generated_Source\PSoC4/cyfitter_cfg.c **** 
  58:Generated_Source\PSoC4/cyfitter_cfg.c **** #ifndef CYCODE
  59:Generated_Source\PSoC4/cyfitter_cfg.c ****     #define CYCODE
  60:Generated_Source\PSoC4/cyfitter_cfg.c **** #endif
  61:Generated_Source\PSoC4/cyfitter_cfg.c **** #ifndef CYDATA
  62:Generated_Source\PSoC4/cyfitter_cfg.c ****     #define CYDATA
  63:Generated_Source\PSoC4/cyfitter_cfg.c **** #endif
  64:Generated_Source\PSoC4/cyfitter_cfg.c **** #ifndef CYFAR
  65:Generated_Source\PSoC4/cyfitter_cfg.c ****     #define CYFAR
  66:Generated_Source\PSoC4/cyfitter_cfg.c **** #endif
  67:Generated_Source\PSoC4/cyfitter_cfg.c **** #ifndef CYXDATA
  68:Generated_Source\PSoC4/cyfitter_cfg.c ****     #define CYXDATA
  69:Generated_Source\PSoC4/cyfitter_cfg.c **** #endif
  70:Generated_Source\PSoC4/cyfitter_cfg.c **** 
  71:Generated_Source\PSoC4/cyfitter_cfg.c **** 
  72:Generated_Source\PSoC4/cyfitter_cfg.c **** CY_CFG_UNUSED
  73:Generated_Source\PSoC4/cyfitter_cfg.c **** static void CYMEMZERO(void *s, size_t n);
  74:Generated_Source\PSoC4/cyfitter_cfg.c **** CY_CFG_UNUSED
  75:Generated_Source\PSoC4/cyfitter_cfg.c **** static void CYMEMZERO(void *s, size_t n)
  76:Generated_Source\PSoC4/cyfitter_cfg.c **** {
  77:Generated_Source\PSoC4/cyfitter_cfg.c **** 	(void)memset(s, 0, n);
  78:Generated_Source\PSoC4/cyfitter_cfg.c **** }
  79:Generated_Source\PSoC4/cyfitter_cfg.c **** CY_CFG_UNUSED
  80:Generated_Source\PSoC4/cyfitter_cfg.c **** static void CYCONFIGCPY(void *dest, const void *src, size_t n);
  81:Generated_Source\PSoC4/cyfitter_cfg.c **** CY_CFG_UNUSED
  82:Generated_Source\PSoC4/cyfitter_cfg.c **** static void CYCONFIGCPY(void *dest, const void *src, size_t n)
  83:Generated_Source\PSoC4/cyfitter_cfg.c **** {
  84:Generated_Source\PSoC4/cyfitter_cfg.c **** 	(void)memcpy(dest, src, n);
  85:Generated_Source\PSoC4/cyfitter_cfg.c **** }
  86:Generated_Source\PSoC4/cyfitter_cfg.c **** CY_CFG_UNUSED
  87:Generated_Source\PSoC4/cyfitter_cfg.c **** static void CYCONFIGCPYCODE(void *dest, const void *src, size_t n);
  88:Generated_Source\PSoC4/cyfitter_cfg.c **** CY_CFG_UNUSED
ARM GAS  C:\Users\mac_000\AppData\Local\Temp\ccQSCYL3.s 			page 3


  89:Generated_Source\PSoC4/cyfitter_cfg.c **** static void CYCONFIGCPYCODE(void *dest, const void *src, size_t n)
  90:Generated_Source\PSoC4/cyfitter_cfg.c **** {
  91:Generated_Source\PSoC4/cyfitter_cfg.c **** 	(void)memcpy(dest, src, n);
  92:Generated_Source\PSoC4/cyfitter_cfg.c **** }
  93:Generated_Source\PSoC4/cyfitter_cfg.c **** 
  94:Generated_Source\PSoC4/cyfitter_cfg.c **** 
  95:Generated_Source\PSoC4/cyfitter_cfg.c **** 
  96:Generated_Source\PSoC4/cyfitter_cfg.c **** 
  97:Generated_Source\PSoC4/cyfitter_cfg.c **** /* Clock startup error codes                                                   */
  98:Generated_Source\PSoC4/cyfitter_cfg.c **** #define CYCLOCKSTART_NO_ERROR    0u
  99:Generated_Source\PSoC4/cyfitter_cfg.c **** #define CYCLOCKSTART_XTAL_ERROR  1u
 100:Generated_Source\PSoC4/cyfitter_cfg.c **** #define CYCLOCKSTART_32KHZ_ERROR 2u
 101:Generated_Source\PSoC4/cyfitter_cfg.c **** #define CYCLOCKSTART_PLL_ERROR   3u
 102:Generated_Source\PSoC4/cyfitter_cfg.c **** #define CYCLOCKSTART_FLL_ERROR   4u
 103:Generated_Source\PSoC4/cyfitter_cfg.c **** #define CYCLOCKSTART_WCO_ERROR   5u
 104:Generated_Source\PSoC4/cyfitter_cfg.c **** 
 105:Generated_Source\PSoC4/cyfitter_cfg.c **** 
 106:Generated_Source\PSoC4/cyfitter_cfg.c **** #ifdef CY_NEED_CYCLOCKSTARTUPERROR
 107:Generated_Source\PSoC4/cyfitter_cfg.c **** /*******************************************************************************
 108:Generated_Source\PSoC4/cyfitter_cfg.c **** * Function Name: CyClockStartupError
 109:Generated_Source\PSoC4/cyfitter_cfg.c **** ********************************************************************************
 110:Generated_Source\PSoC4/cyfitter_cfg.c **** * Summary:
 111:Generated_Source\PSoC4/cyfitter_cfg.c **** *  If an error is encountered during clock configuration (crystal startup error,
 112:Generated_Source\PSoC4/cyfitter_cfg.c **** *  PLL lock error, etc.), the system will end up here.  Unless reimplemented by
 113:Generated_Source\PSoC4/cyfitter_cfg.c **** *  the customer, this function will stop in an infinite loop.
 114:Generated_Source\PSoC4/cyfitter_cfg.c **** *
 115:Generated_Source\PSoC4/cyfitter_cfg.c **** * Parameters:
 116:Generated_Source\PSoC4/cyfitter_cfg.c **** *   void
 117:Generated_Source\PSoC4/cyfitter_cfg.c **** *
 118:Generated_Source\PSoC4/cyfitter_cfg.c **** * Return:
 119:Generated_Source\PSoC4/cyfitter_cfg.c **** *   void
 120:Generated_Source\PSoC4/cyfitter_cfg.c **** *
 121:Generated_Source\PSoC4/cyfitter_cfg.c **** *******************************************************************************/
 122:Generated_Source\PSoC4/cyfitter_cfg.c **** CY_CFG_UNUSED
 123:Generated_Source\PSoC4/cyfitter_cfg.c **** static void CyClockStartupError(uint8 errorCode);
 124:Generated_Source\PSoC4/cyfitter_cfg.c **** CY_CFG_UNUSED
 125:Generated_Source\PSoC4/cyfitter_cfg.c **** static void CyClockStartupError(uint8 errorCode)
 126:Generated_Source\PSoC4/cyfitter_cfg.c **** {
 127:Generated_Source\PSoC4/cyfitter_cfg.c ****     /* To remove the compiler warning if errorCode not used.                */
 128:Generated_Source\PSoC4/cyfitter_cfg.c ****     errorCode = errorCode;
 129:Generated_Source\PSoC4/cyfitter_cfg.c **** 
 130:Generated_Source\PSoC4/cyfitter_cfg.c ****     /* If we have a clock startup error (bad MHz crystal, PLL lock, etc.),  */
 131:Generated_Source\PSoC4/cyfitter_cfg.c ****     /* we will end up here to allow the customer to implement something to  */
 132:Generated_Source\PSoC4/cyfitter_cfg.c ****     /* deal with the clock condition.                                       */
 133:Generated_Source\PSoC4/cyfitter_cfg.c **** 
 134:Generated_Source\PSoC4/cyfitter_cfg.c **** #ifdef CY_CFG_CLOCK_STARTUP_ERROR_CALLBACK
 135:Generated_Source\PSoC4/cyfitter_cfg.c ****     CY_CFG_Clock_Startup_ErrorCallback();
 136:Generated_Source\PSoC4/cyfitter_cfg.c **** #else
 137:Generated_Source\PSoC4/cyfitter_cfg.c ****     /*  If not using CY_CFG_CLOCK_STARTUP_ERROR_CALLBACK, place your clock startup code here. */
 138:Generated_Source\PSoC4/cyfitter_cfg.c ****     /* `#START CyClockStartupError` */
 139:Generated_Source\PSoC4/cyfitter_cfg.c **** 
 140:Generated_Source\PSoC4/cyfitter_cfg.c **** 
 141:Generated_Source\PSoC4/cyfitter_cfg.c **** 
 142:Generated_Source\PSoC4/cyfitter_cfg.c ****     /* `#END` */
 143:Generated_Source\PSoC4/cyfitter_cfg.c **** 
 144:Generated_Source\PSoC4/cyfitter_cfg.c ****     while(1) {}
 145:Generated_Source\PSoC4/cyfitter_cfg.c **** #endif /* CY_CFG_CLOCK_STARTUP_ERROR_CALLBACK */
ARM GAS  C:\Users\mac_000\AppData\Local\Temp\ccQSCYL3.s 			page 4


 146:Generated_Source\PSoC4/cyfitter_cfg.c **** }
 147:Generated_Source\PSoC4/cyfitter_cfg.c **** #endif
 148:Generated_Source\PSoC4/cyfitter_cfg.c **** 
 149:Generated_Source\PSoC4/cyfitter_cfg.c **** 
 150:Generated_Source\PSoC4/cyfitter_cfg.c **** 
 151:Generated_Source\PSoC4/cyfitter_cfg.c **** /*******************************************************************************
 152:Generated_Source\PSoC4/cyfitter_cfg.c **** * Function Name: ClockSetup
 153:Generated_Source\PSoC4/cyfitter_cfg.c **** ********************************************************************************
 154:Generated_Source\PSoC4/cyfitter_cfg.c **** *
 155:Generated_Source\PSoC4/cyfitter_cfg.c **** * Summary:
 156:Generated_Source\PSoC4/cyfitter_cfg.c **** *   Performs the initialization of all of the clocks in the device based on the
 157:Generated_Source\PSoC4/cyfitter_cfg.c **** *   settings in the Clock tab of the DWR.  This includes enabling the requested
 158:Generated_Source\PSoC4/cyfitter_cfg.c **** *   clocks and setting the necessary dividers to produce the desired frequency. 
 159:Generated_Source\PSoC4/cyfitter_cfg.c **** *
 160:Generated_Source\PSoC4/cyfitter_cfg.c **** * Parameters:
 161:Generated_Source\PSoC4/cyfitter_cfg.c **** *   void
 162:Generated_Source\PSoC4/cyfitter_cfg.c **** *
 163:Generated_Source\PSoC4/cyfitter_cfg.c **** * Return:
 164:Generated_Source\PSoC4/cyfitter_cfg.c **** *   void
 165:Generated_Source\PSoC4/cyfitter_cfg.c **** *
 166:Generated_Source\PSoC4/cyfitter_cfg.c **** *******************************************************************************/
 167:Generated_Source\PSoC4/cyfitter_cfg.c **** static void ClockSetup(void);
 168:Generated_Source\PSoC4/cyfitter_cfg.c **** CY_CFG_SECTION
 169:Generated_Source\PSoC4/cyfitter_cfg.c **** static void ClockSetup(void)
 170:Generated_Source\PSoC4/cyfitter_cfg.c **** {
  27              		.loc 1 170 0
  28              		.cfi_startproc
  29              		@ args = 0, pretend = 0, frame = 0
  30              		@ frame_needed = 0, uses_anonymous_args = 0
  31 0000 10B5     		push	{r4, lr}
  32              		.cfi_def_cfa_offset 8
  33              		.cfi_offset 4, -8
  34              		.cfi_offset 14, -4
 171:Generated_Source\PSoC4/cyfitter_cfg.c **** 
 172:Generated_Source\PSoC4/cyfitter_cfg.c **** 	/* Set Flash Cycles based on max possible frequency in case a glitch occurs during ClockSetup(). *
 173:Generated_Source\PSoC4/cyfitter_cfg.c **** 	CY_SET_REG32((void CYXDATA *)(CYREG_CPUSS_FLASH_CTL), (0x0011u));
  35              		.loc 1 173 0
  36 0002 0B4C     		ldr	r4, .L2
  37 0004 1123     		movs	r3, #17
  38 0006 2360     		str	r3, [r4]
 174:Generated_Source\PSoC4/cyfitter_cfg.c **** 	/* Update IMO to new clock speed. */
 175:Generated_Source\PSoC4/cyfitter_cfg.c **** 	CySysClkWriteImoFreq(32u);
  39              		.loc 1 175 0
  40 0008 2020     		movs	r0, #32
  41 000a FFF7FEFF 		bl	CySysClkWriteImoFreq
  42              	.LVL0:
 176:Generated_Source\PSoC4/cyfitter_cfg.c **** 
 177:Generated_Source\PSoC4/cyfitter_cfg.c **** 	/* Setup phase aligned clocks */
 178:Generated_Source\PSoC4/cyfitter_cfg.c **** 	CY_SET_REG32((void *)CYREG_PERI_DIV_16_CTL0, 0x00003B00u);
  43              		.loc 1 178 0
  44 000e EC22     		movs	r2, #236
  45 0010 9201     		lsls	r2, r2, #6
  46 0012 084B     		ldr	r3, .L2+4
  47 0014 1A60     		str	r2, [r3]
 179:Generated_Source\PSoC4/cyfitter_cfg.c **** 	CY_SET_REG32((void *)CYREG_PERI_DIV_CMD, 0x8000FF40u);
  48              		.loc 1 179 0
  49 0016 084A     		ldr	r2, .L2+8
ARM GAS  C:\Users\mac_000\AppData\Local\Temp\ccQSCYL3.s 			page 5


  50 0018 084B     		ldr	r3, .L2+12
  51 001a 1A60     		str	r2, [r3]
 180:Generated_Source\PSoC4/cyfitter_cfg.c **** 
 181:Generated_Source\PSoC4/cyfitter_cfg.c **** 	/* CYDEV_CLK_SELECT Starting address: CYDEV_CLK_SELECT */
 182:Generated_Source\PSoC4/cyfitter_cfg.c **** 	CY_SET_REG32((void *)(CYREG_CLK_SELECT), 0x00000004u);
  52              		.loc 1 182 0
  53 001c 0422     		movs	r2, #4
  54 001e 084B     		ldr	r3, .L2+16
  55 0020 1A60     		str	r2, [r3]
 183:Generated_Source\PSoC4/cyfitter_cfg.c **** 
 184:Generated_Source\PSoC4/cyfitter_cfg.c **** 	/* CYDEV_PERI_PCLK_CTL3 Starting address: CYDEV_PERI_PCLK_CTL3 */
 185:Generated_Source\PSoC4/cyfitter_cfg.c **** 	CY_SET_REG32((void *)(CYREG_PERI_PCLK_CTL3), 0x00000040u);
  56              		.loc 1 185 0
  57 0022 3C32     		adds	r2, r2, #60
  58 0024 074B     		ldr	r3, .L2+20
  59 0026 1A60     		str	r2, [r3]
 186:Generated_Source\PSoC4/cyfitter_cfg.c **** 
 187:Generated_Source\PSoC4/cyfitter_cfg.c **** 	/* Set Flash Cycles based on newly configured 16.00MHz HFCLK. */
 188:Generated_Source\PSoC4/cyfitter_cfg.c **** 	CY_SET_REG32((void CYXDATA *)(CYREG_CPUSS_FLASH_CTL), (0x0000u));
  60              		.loc 1 188 0
  61 0028 0023     		movs	r3, #0
  62 002a 2360     		str	r3, [r4]
 189:Generated_Source\PSoC4/cyfitter_cfg.c **** }
  63              		.loc 1 189 0
  64              		@ sp needed
  65 002c 10BD     		pop	{r4, pc}
  66              	.L3:
  67 002e C046     		.align	2
  68              	.L2:
  69 0030 30001040 		.word	1074790448
  70 0034 00030140 		.word	1073808128
  71 0038 40FF0080 		.word	-2147418304
  72 003c 00000140 		.word	1073807360
  73 0040 28000340 		.word	1073938472
  74 0044 0C010140 		.word	1073807628
  75              		.cfi_endproc
  76              	.LFE3:
  77              		.size	ClockSetup, .-ClockSetup
  78              		.align	2
  79              		.global	cyfitter_cfg
  80              		.code	16
  81              		.thumb_func
  82              		.type	cyfitter_cfg, %function
  83              	cyfitter_cfg:
  84              	.LFB5:
 190:Generated_Source\PSoC4/cyfitter_cfg.c **** 
 191:Generated_Source\PSoC4/cyfitter_cfg.c **** 
 192:Generated_Source\PSoC4/cyfitter_cfg.c **** /* Analog API Functions */
 193:Generated_Source\PSoC4/cyfitter_cfg.c **** 
 194:Generated_Source\PSoC4/cyfitter_cfg.c **** 
 195:Generated_Source\PSoC4/cyfitter_cfg.c **** /*******************************************************************************
 196:Generated_Source\PSoC4/cyfitter_cfg.c **** * Function Name: AnalogSetDefault
 197:Generated_Source\PSoC4/cyfitter_cfg.c **** ********************************************************************************
 198:Generated_Source\PSoC4/cyfitter_cfg.c **** *
 199:Generated_Source\PSoC4/cyfitter_cfg.c **** * Summary:
 200:Generated_Source\PSoC4/cyfitter_cfg.c **** *  Sets up the analog portions of the chip to default values based on chip
 201:Generated_Source\PSoC4/cyfitter_cfg.c **** *  configuration options from the project.
ARM GAS  C:\Users\mac_000\AppData\Local\Temp\ccQSCYL3.s 			page 6


 202:Generated_Source\PSoC4/cyfitter_cfg.c **** *
 203:Generated_Source\PSoC4/cyfitter_cfg.c **** * Parameters:
 204:Generated_Source\PSoC4/cyfitter_cfg.c **** *  void
 205:Generated_Source\PSoC4/cyfitter_cfg.c **** *
 206:Generated_Source\PSoC4/cyfitter_cfg.c **** * Return:
 207:Generated_Source\PSoC4/cyfitter_cfg.c **** *  void
 208:Generated_Source\PSoC4/cyfitter_cfg.c **** *
 209:Generated_Source\PSoC4/cyfitter_cfg.c **** *******************************************************************************/
 210:Generated_Source\PSoC4/cyfitter_cfg.c **** static void AnalogSetDefault(void);
 211:Generated_Source\PSoC4/cyfitter_cfg.c **** static void AnalogSetDefault(void)
 212:Generated_Source\PSoC4/cyfitter_cfg.c **** {
 213:Generated_Source\PSoC4/cyfitter_cfg.c **** }
 214:Generated_Source\PSoC4/cyfitter_cfg.c **** 
 215:Generated_Source\PSoC4/cyfitter_cfg.c **** 
 216:Generated_Source\PSoC4/cyfitter_cfg.c **** 
 217:Generated_Source\PSoC4/cyfitter_cfg.c **** 
 218:Generated_Source\PSoC4/cyfitter_cfg.c **** /*******************************************************************************
 219:Generated_Source\PSoC4/cyfitter_cfg.c **** * Function Name: cyfitter_cfg
 220:Generated_Source\PSoC4/cyfitter_cfg.c **** ********************************************************************************
 221:Generated_Source\PSoC4/cyfitter_cfg.c **** * Summary:
 222:Generated_Source\PSoC4/cyfitter_cfg.c **** *  This function is called by the start-up code for the selected device. It
 223:Generated_Source\PSoC4/cyfitter_cfg.c **** *  performs all of the necessary device configuration based on the design
 224:Generated_Source\PSoC4/cyfitter_cfg.c **** *  settings.  This includes settings from the Design Wide Resources (DWR) such
 225:Generated_Source\PSoC4/cyfitter_cfg.c **** *  as Clocks and Pins as well as any component configuration that is necessary.
 226:Generated_Source\PSoC4/cyfitter_cfg.c **** *
 227:Generated_Source\PSoC4/cyfitter_cfg.c **** * Parameters:
 228:Generated_Source\PSoC4/cyfitter_cfg.c **** *   void
 229:Generated_Source\PSoC4/cyfitter_cfg.c **** *
 230:Generated_Source\PSoC4/cyfitter_cfg.c **** * Return:
 231:Generated_Source\PSoC4/cyfitter_cfg.c **** *   void
 232:Generated_Source\PSoC4/cyfitter_cfg.c **** *
 233:Generated_Source\PSoC4/cyfitter_cfg.c **** *******************************************************************************/
 234:Generated_Source\PSoC4/cyfitter_cfg.c **** CY_CFG_SECTION
 235:Generated_Source\PSoC4/cyfitter_cfg.c **** void cyfitter_cfg(void)
 236:Generated_Source\PSoC4/cyfitter_cfg.c **** {
  85              		.loc 1 236 0
  86              		.cfi_startproc
  87              		@ args = 0, pretend = 0, frame = 0
  88              		@ frame_needed = 0, uses_anonymous_args = 0
  89 0048 10B5     		push	{r4, lr}
  90              		.cfi_def_cfa_offset 8
  91              		.cfi_offset 4, -8
  92              		.cfi_offset 14, -4
 237:Generated_Source\PSoC4/cyfitter_cfg.c **** 	/* Disable interrupts by default. Let user enable if/when they want. */
 238:Generated_Source\PSoC4/cyfitter_cfg.c **** 	CyGlobalIntDisable;
  93              		.loc 1 238 0
  94              		.syntax divided
  95              	@ 238 "Generated_Source\PSoC4\cyfitter_cfg.c" 1
  96 004a 72B6     		CPSID   i
  97              	@ 0 "" 2
 239:Generated_Source\PSoC4/cyfitter_cfg.c **** 
 240:Generated_Source\PSoC4/cyfitter_cfg.c **** 	{
 241:Generated_Source\PSoC4/cyfitter_cfg.c **** 		/* HSIOM Starting address: CYDEV_HSIOM_BASE */
 242:Generated_Source\PSoC4/cyfitter_cfg.c **** 		CY_SET_REG32((void *)(CYDEV_HSIOM_BASE), 0x00000090u);
  98              		.loc 1 242 0
  99              		.thumb
 100              		.syntax unified
ARM GAS  C:\Users\mac_000\AppData\Local\Temp\ccQSCYL3.s 			page 7


 101 004c 9022     		movs	r2, #144
 102 004e 0C4B     		ldr	r3, .L5
 103 0050 1A60     		str	r2, [r3]
 243:Generated_Source\PSoC4/cyfitter_cfg.c **** 		CY_SET_REG32((void *)(CYREG_HSIOM_PORT_SEL3), 0x000000FFu);
 104              		.loc 1 243 0
 105 0052 6F32     		adds	r2, r2, #111
 106 0054 0B4B     		ldr	r3, .L5+4
 107 0056 1A60     		str	r2, [r3]
 244:Generated_Source\PSoC4/cyfitter_cfg.c **** 
 245:Generated_Source\PSoC4/cyfitter_cfg.c **** 		/* TCPWM_CNT Starting address: CYDEV_TCPWM_CNT_TR_CTRL0 */
 246:Generated_Source\PSoC4/cyfitter_cfg.c **** 		CY_SET_REG32((void *)(CYREG_TCPWM_CNT_TR_CTRL0), 0x00000013u);
 108              		.loc 1 246 0
 109 0058 EC3A     		subs	r2, r2, #236
 110 005a 0B4B     		ldr	r3, .L5+8
 111 005c 1A60     		str	r2, [r3]
 247:Generated_Source\PSoC4/cyfitter_cfg.c **** 
 248:Generated_Source\PSoC4/cyfitter_cfg.c **** 	}
 249:Generated_Source\PSoC4/cyfitter_cfg.c **** 
 250:Generated_Source\PSoC4/cyfitter_cfg.c **** 	/* Perform second pass device configuration. These items must be configured in specific order afte
 251:Generated_Source\PSoC4/cyfitter_cfg.c **** 	/* IOPINS0_0 Starting address: CYDEV_GPIO_PRT0_BASE */
 252:Generated_Source\PSoC4/cyfitter_cfg.c **** 	CY_SET_REG32((void *)(CYDEV_GPIO_PRT0_BASE), 0x00000004u);
 112              		.loc 1 252 0
 113 005e 0F3A     		subs	r2, r2, #15
 114 0060 0A4B     		ldr	r3, .L5+12
 115 0062 1A60     		str	r2, [r3]
 253:Generated_Source\PSoC4/cyfitter_cfg.c **** 	CY_SET_REG32((void *)(CYREG_GPIO_PRT0_PC), 0x001B6188u);
 116              		.loc 1 253 0
 117 0064 0A4A     		ldr	r2, .L5+16
 118 0066 0B4B     		ldr	r3, .L5+20
 119 0068 1A60     		str	r2, [r3]
 254:Generated_Source\PSoC4/cyfitter_cfg.c **** 
 255:Generated_Source\PSoC4/cyfitter_cfg.c **** 	/* IOPINS0_1 Starting address: CYDEV_GPIO_PRT1_BASE */
 256:Generated_Source\PSoC4/cyfitter_cfg.c **** 	CY_SET_REG32((void *)(CYREG_GPIO_PRT1_PC), 0x000001B0u);
 120              		.loc 1 256 0
 121 006a D822     		movs	r2, #216
 122 006c 5200     		lsls	r2, r2, #1
 123 006e 0A4B     		ldr	r3, .L5+24
 124 0070 1A60     		str	r2, [r3]
 257:Generated_Source\PSoC4/cyfitter_cfg.c **** 
 258:Generated_Source\PSoC4/cyfitter_cfg.c **** 	/* IOPINS0_3 Starting address: CYDEV_GPIO_PRT3_BASE */
 259:Generated_Source\PSoC4/cyfitter_cfg.c **** 	CY_SET_REG32((void *)(CYREG_GPIO_PRT3_PC), 0x00000036u);
 125              		.loc 1 259 0
 126 0072 7B3A     		subs	r2, r2, #123
 127 0074 FF3A     		subs	r2, r2, #255
 128 0076 094B     		ldr	r3, .L5+28
 129 0078 1A60     		str	r2, [r3]
 260:Generated_Source\PSoC4/cyfitter_cfg.c **** 
 261:Generated_Source\PSoC4/cyfitter_cfg.c **** 
 262:Generated_Source\PSoC4/cyfitter_cfg.c **** 	/* Setup clocks based on selections from Clock DWR */
 263:Generated_Source\PSoC4/cyfitter_cfg.c **** 	ClockSetup();
 130              		.loc 1 263 0
 131 007a FFF7C1FF 		bl	ClockSetup
 132              	.LVL1:
 264:Generated_Source\PSoC4/cyfitter_cfg.c **** 
 265:Generated_Source\PSoC4/cyfitter_cfg.c **** 	/* Perform basic analog initialization to defaults */
 266:Generated_Source\PSoC4/cyfitter_cfg.c **** 	AnalogSetDefault();
 267:Generated_Source\PSoC4/cyfitter_cfg.c **** 
ARM GAS  C:\Users\mac_000\AppData\Local\Temp\ccQSCYL3.s 			page 8


 268:Generated_Source\PSoC4/cyfitter_cfg.c **** }
 133              		.loc 1 268 0
 134              		@ sp needed
 135 007e 10BD     		pop	{r4, pc}
 136              	.L6:
 137              		.align	2
 138              	.L5:
 139 0080 00000240 		.word	1073872896
 140 0084 00030240 		.word	1073873664
 141 0088 20010540 		.word	1074069792
 142 008c 00000440 		.word	1074003968
 143 0090 88611B00 		.word	1794440
 144 0094 08000440 		.word	1074003976
 145 0098 08010440 		.word	1074004232
 146 009c 08030440 		.word	1074004744
 147              		.cfi_endproc
 148              	.LFE5:
 149              		.size	cyfitter_cfg, .-cyfitter_cfg
 150              		.text
 151              	.Letext0:
 152              		.file 2 "Generated_Source\\PSoC4\\cytypes.h"
 153              		.file 3 "Generated_Source\\PSoC4\\CyLib.h"
 154              		.section	.debug_info,"",%progbits
 155              	.Ldebug_info0:
 156 0000 F8000000 		.4byte	0xf8
 157 0004 0400     		.2byte	0x4
 158 0006 00000000 		.4byte	.Ldebug_abbrev0
 159 000a 04       		.byte	0x4
 160 000b 01       		.uleb128 0x1
 161 000c 08010000 		.4byte	.LASF16
 162 0010 0C       		.byte	0xc
 163 0011 15000000 		.4byte	.LASF17
 164 0015 C7000000 		.4byte	.LASF18
 165 0019 00000000 		.4byte	.Ldebug_ranges0+0
 166 001d 00000000 		.4byte	0
 167 0021 00000000 		.4byte	.Ldebug_line0
 168 0025 02       		.uleb128 0x2
 169 0026 04       		.byte	0x4
 170 0027 05       		.byte	0x5
 171 0028 696E7400 		.ascii	"int\000"
 172 002c 03       		.uleb128 0x3
 173 002d 04       		.byte	0x4
 174 002e 07       		.byte	0x7
 175 002f 3B000000 		.4byte	.LASF0
 176 0033 03       		.uleb128 0x3
 177 0034 08       		.byte	0x8
 178 0035 05       		.byte	0x5
 179 0036 00000000 		.4byte	.LASF1
 180 003a 03       		.uleb128 0x3
 181 003b 08       		.byte	0x8
 182 003c 04       		.byte	0x4
 183 003d B5010000 		.4byte	.LASF2
 184 0041 03       		.uleb128 0x3
 185 0042 01       		.byte	0x1
 186 0043 06       		.byte	0x6
 187 0044 A9010000 		.4byte	.LASF3
 188 0048 03       		.uleb128 0x3
ARM GAS  C:\Users\mac_000\AppData\Local\Temp\ccQSCYL3.s 			page 9


 189 0049 01       		.byte	0x1
 190 004a 08       		.byte	0x8
 191 004b 99000000 		.4byte	.LASF4
 192 004f 03       		.uleb128 0x3
 193 0050 02       		.byte	0x2
 194 0051 05       		.byte	0x5
 195 0052 C1010000 		.4byte	.LASF5
 196 0056 03       		.uleb128 0x3
 197 0057 02       		.byte	0x2
 198 0058 07       		.byte	0x7
 199 0059 96010000 		.4byte	.LASF6
 200 005d 03       		.uleb128 0x3
 201 005e 04       		.byte	0x4
 202 005f 05       		.byte	0x5
 203 0060 AC000000 		.4byte	.LASF7
 204 0064 03       		.uleb128 0x3
 205 0065 04       		.byte	0x4
 206 0066 07       		.byte	0x7
 207 0067 5D000000 		.4byte	.LASF8
 208 006b 03       		.uleb128 0x3
 209 006c 08       		.byte	0x8
 210 006d 07       		.byte	0x7
 211 006e 7C000000 		.4byte	.LASF9
 212 0072 03       		.uleb128 0x3
 213 0073 04       		.byte	0x4
 214 0074 07       		.byte	0x7
 215 0075 CB010000 		.4byte	.LASF10
 216 0079 03       		.uleb128 0x3
 217 007a 01       		.byte	0x1
 218 007b 08       		.byte	0x8
 219 007c A7000000 		.4byte	.LASF11
 220 0080 04       		.uleb128 0x4
 221 0081 0E000000 		.4byte	.LASF14
 222 0085 02       		.byte	0x2
 223 0086 F901     		.2byte	0x1f9
 224 0088 64000000 		.4byte	0x64
 225 008c 03       		.uleb128 0x3
 226 008d 04       		.byte	0x4
 227 008e 04       		.byte	0x4
 228 008f 93000000 		.4byte	.LASF12
 229 0093 03       		.uleb128 0x3
 230 0094 08       		.byte	0x8
 231 0095 04       		.byte	0x4
 232 0096 C0000000 		.4byte	.LASF13
 233 009a 04       		.uleb128 0x4
 234 009b 02010000 		.4byte	.LASF15
 235 009f 02       		.byte	0x2
 236 00a0 A302     		.2byte	0x2a3
 237 00a2 A6000000 		.4byte	0xa6
 238 00a6 05       		.uleb128 0x5
 239 00a7 80000000 		.4byte	0x80
 240 00ab 06       		.uleb128 0x6
 241 00ac B5000000 		.4byte	.LASF19
 242 00b0 01       		.byte	0x1
 243 00b1 A9       		.byte	0xa9
 244 00b2 00000000 		.4byte	.LFB3
 245 00b6 48000000 		.4byte	.LFE3-.LFB3
ARM GAS  C:\Users\mac_000\AppData\Local\Temp\ccQSCYL3.s 			page 10


 246 00ba 01       		.uleb128 0x1
 247 00bb 9C       		.byte	0x9c
 248 00bc D1000000 		.4byte	0xd1
 249 00c0 07       		.uleb128 0x7
 250 00c1 0E000000 		.4byte	.LVL0
 251 00c5 F0000000 		.4byte	0xf0
 252 00c9 08       		.uleb128 0x8
 253 00ca 01       		.uleb128 0x1
 254 00cb 50       		.byte	0x50
 255 00cc 02       		.uleb128 0x2
 256 00cd 08       		.byte	0x8
 257 00ce 20       		.byte	0x20
 258 00cf 00       		.byte	0
 259 00d0 00       		.byte	0
 260 00d1 09       		.uleb128 0x9
 261 00d2 6F000000 		.4byte	.LASF20
 262 00d6 01       		.byte	0x1
 263 00d7 EB       		.byte	0xeb
 264 00d8 48000000 		.4byte	.LFB5
 265 00dc 58000000 		.4byte	.LFE5-.LFB5
 266 00e0 01       		.uleb128 0x1
 267 00e1 9C       		.byte	0x9c
 268 00e2 F0000000 		.4byte	0xf0
 269 00e6 0A       		.uleb128 0xa
 270 00e7 7E000000 		.4byte	.LVL1
 271 00eb AB000000 		.4byte	0xab
 272 00ef 00       		.byte	0
 273 00f0 0B       		.uleb128 0xb
 274 00f1 48000000 		.4byte	.LASF21
 275 00f5 48000000 		.4byte	.LASF21
 276 00f9 03       		.byte	0x3
 277 00fa 6C       		.byte	0x6c
 278 00fb 00       		.byte	0
 279              		.section	.debug_abbrev,"",%progbits
 280              	.Ldebug_abbrev0:
 281 0000 01       		.uleb128 0x1
 282 0001 11       		.uleb128 0x11
 283 0002 01       		.byte	0x1
 284 0003 25       		.uleb128 0x25
 285 0004 0E       		.uleb128 0xe
 286 0005 13       		.uleb128 0x13
 287 0006 0B       		.uleb128 0xb
 288 0007 03       		.uleb128 0x3
 289 0008 0E       		.uleb128 0xe
 290 0009 1B       		.uleb128 0x1b
 291 000a 0E       		.uleb128 0xe
 292 000b 55       		.uleb128 0x55
 293 000c 17       		.uleb128 0x17
 294 000d 11       		.uleb128 0x11
 295 000e 01       		.uleb128 0x1
 296 000f 10       		.uleb128 0x10
 297 0010 17       		.uleb128 0x17
 298 0011 00       		.byte	0
 299 0012 00       		.byte	0
 300 0013 02       		.uleb128 0x2
 301 0014 24       		.uleb128 0x24
 302 0015 00       		.byte	0
ARM GAS  C:\Users\mac_000\AppData\Local\Temp\ccQSCYL3.s 			page 11


 303 0016 0B       		.uleb128 0xb
 304 0017 0B       		.uleb128 0xb
 305 0018 3E       		.uleb128 0x3e
 306 0019 0B       		.uleb128 0xb
 307 001a 03       		.uleb128 0x3
 308 001b 08       		.uleb128 0x8
 309 001c 00       		.byte	0
 310 001d 00       		.byte	0
 311 001e 03       		.uleb128 0x3
 312 001f 24       		.uleb128 0x24
 313 0020 00       		.byte	0
 314 0021 0B       		.uleb128 0xb
 315 0022 0B       		.uleb128 0xb
 316 0023 3E       		.uleb128 0x3e
 317 0024 0B       		.uleb128 0xb
 318 0025 03       		.uleb128 0x3
 319 0026 0E       		.uleb128 0xe
 320 0027 00       		.byte	0
 321 0028 00       		.byte	0
 322 0029 04       		.uleb128 0x4
 323 002a 16       		.uleb128 0x16
 324 002b 00       		.byte	0
 325 002c 03       		.uleb128 0x3
 326 002d 0E       		.uleb128 0xe
 327 002e 3A       		.uleb128 0x3a
 328 002f 0B       		.uleb128 0xb
 329 0030 3B       		.uleb128 0x3b
 330 0031 05       		.uleb128 0x5
 331 0032 49       		.uleb128 0x49
 332 0033 13       		.uleb128 0x13
 333 0034 00       		.byte	0
 334 0035 00       		.byte	0
 335 0036 05       		.uleb128 0x5
 336 0037 35       		.uleb128 0x35
 337 0038 00       		.byte	0
 338 0039 49       		.uleb128 0x49
 339 003a 13       		.uleb128 0x13
 340 003b 00       		.byte	0
 341 003c 00       		.byte	0
 342 003d 06       		.uleb128 0x6
 343 003e 2E       		.uleb128 0x2e
 344 003f 01       		.byte	0x1
 345 0040 03       		.uleb128 0x3
 346 0041 0E       		.uleb128 0xe
 347 0042 3A       		.uleb128 0x3a
 348 0043 0B       		.uleb128 0xb
 349 0044 3B       		.uleb128 0x3b
 350 0045 0B       		.uleb128 0xb
 351 0046 27       		.uleb128 0x27
 352 0047 19       		.uleb128 0x19
 353 0048 11       		.uleb128 0x11
 354 0049 01       		.uleb128 0x1
 355 004a 12       		.uleb128 0x12
 356 004b 06       		.uleb128 0x6
 357 004c 40       		.uleb128 0x40
 358 004d 18       		.uleb128 0x18
 359 004e 9742     		.uleb128 0x2117
ARM GAS  C:\Users\mac_000\AppData\Local\Temp\ccQSCYL3.s 			page 12


 360 0050 19       		.uleb128 0x19
 361 0051 01       		.uleb128 0x1
 362 0052 13       		.uleb128 0x13
 363 0053 00       		.byte	0
 364 0054 00       		.byte	0
 365 0055 07       		.uleb128 0x7
 366 0056 898201   		.uleb128 0x4109
 367 0059 01       		.byte	0x1
 368 005a 11       		.uleb128 0x11
 369 005b 01       		.uleb128 0x1
 370 005c 31       		.uleb128 0x31
 371 005d 13       		.uleb128 0x13
 372 005e 00       		.byte	0
 373 005f 00       		.byte	0
 374 0060 08       		.uleb128 0x8
 375 0061 8A8201   		.uleb128 0x410a
 376 0064 00       		.byte	0
 377 0065 02       		.uleb128 0x2
 378 0066 18       		.uleb128 0x18
 379 0067 9142     		.uleb128 0x2111
 380 0069 18       		.uleb128 0x18
 381 006a 00       		.byte	0
 382 006b 00       		.byte	0
 383 006c 09       		.uleb128 0x9
 384 006d 2E       		.uleb128 0x2e
 385 006e 01       		.byte	0x1
 386 006f 3F       		.uleb128 0x3f
 387 0070 19       		.uleb128 0x19
 388 0071 03       		.uleb128 0x3
 389 0072 0E       		.uleb128 0xe
 390 0073 3A       		.uleb128 0x3a
 391 0074 0B       		.uleb128 0xb
 392 0075 3B       		.uleb128 0x3b
 393 0076 0B       		.uleb128 0xb
 394 0077 27       		.uleb128 0x27
 395 0078 19       		.uleb128 0x19
 396 0079 11       		.uleb128 0x11
 397 007a 01       		.uleb128 0x1
 398 007b 12       		.uleb128 0x12
 399 007c 06       		.uleb128 0x6
 400 007d 40       		.uleb128 0x40
 401 007e 18       		.uleb128 0x18
 402 007f 9742     		.uleb128 0x2117
 403 0081 19       		.uleb128 0x19
 404 0082 01       		.uleb128 0x1
 405 0083 13       		.uleb128 0x13
 406 0084 00       		.byte	0
 407 0085 00       		.byte	0
 408 0086 0A       		.uleb128 0xa
 409 0087 898201   		.uleb128 0x4109
 410 008a 00       		.byte	0
 411 008b 11       		.uleb128 0x11
 412 008c 01       		.uleb128 0x1
 413 008d 31       		.uleb128 0x31
 414 008e 13       		.uleb128 0x13
 415 008f 00       		.byte	0
 416 0090 00       		.byte	0
ARM GAS  C:\Users\mac_000\AppData\Local\Temp\ccQSCYL3.s 			page 13


 417 0091 0B       		.uleb128 0xb
 418 0092 2E       		.uleb128 0x2e
 419 0093 00       		.byte	0
 420 0094 3F       		.uleb128 0x3f
 421 0095 19       		.uleb128 0x19
 422 0096 3C       		.uleb128 0x3c
 423 0097 19       		.uleb128 0x19
 424 0098 6E       		.uleb128 0x6e
 425 0099 0E       		.uleb128 0xe
 426 009a 03       		.uleb128 0x3
 427 009b 0E       		.uleb128 0xe
 428 009c 3A       		.uleb128 0x3a
 429 009d 0B       		.uleb128 0xb
 430 009e 3B       		.uleb128 0x3b
 431 009f 0B       		.uleb128 0xb
 432 00a0 00       		.byte	0
 433 00a1 00       		.byte	0
 434 00a2 00       		.byte	0
 435              		.section	.debug_aranges,"",%progbits
 436 0000 24000000 		.4byte	0x24
 437 0004 0200     		.2byte	0x2
 438 0006 00000000 		.4byte	.Ldebug_info0
 439 000a 04       		.byte	0x4
 440 000b 00       		.byte	0
 441 000c 0000     		.2byte	0
 442 000e 0000     		.2byte	0
 443 0010 00000000 		.4byte	.LFB3
 444 0014 48000000 		.4byte	.LFE3-.LFB3
 445 0018 48000000 		.4byte	.LFB5
 446 001c 58000000 		.4byte	.LFE5-.LFB5
 447 0020 00000000 		.4byte	0
 448 0024 00000000 		.4byte	0
 449              		.section	.debug_ranges,"",%progbits
 450              	.Ldebug_ranges0:
 451 0000 00000000 		.4byte	.LFB3
 452 0004 48000000 		.4byte	.LFE3
 453 0008 48000000 		.4byte	.LFB5
 454 000c A0000000 		.4byte	.LFE5
 455 0010 00000000 		.4byte	0
 456 0014 00000000 		.4byte	0
 457              		.section	.debug_line,"",%progbits
 458              	.Ldebug_line0:
 459 0000 7E000000 		.section	.debug_str,"MS",%progbits,1
 459      02005400 
 459      00000201 
 459      FB0E0D00 
 459      01010101 
 460              	.LASF1:
 461 0000 6C6F6E67 		.ascii	"long long int\000"
 461      206C6F6E 
 461      6720696E 
 461      7400
 462              	.LASF14:
 463 000e 75696E74 		.ascii	"uint32\000"
 463      333200
 464              	.LASF17:
 465 0015 47656E65 		.ascii	"Generated_Source\\PSoC4\\cyfitter_cfg.c\000"
ARM GAS  C:\Users\mac_000\AppData\Local\Temp\ccQSCYL3.s 			page 14


 465      72617465 
 465      645F536F 
 465      75726365 
 465      5C50536F 
 466              	.LASF0:
 467 003b 756E7369 		.ascii	"unsigned int\000"
 467      676E6564 
 467      20696E74 
 467      00
 468              	.LASF21:
 469 0048 43795379 		.ascii	"CySysClkWriteImoFreq\000"
 469      73436C6B 
 469      57726974 
 469      65496D6F 
 469      46726571 
 470              	.LASF8:
 471 005d 6C6F6E67 		.ascii	"long unsigned int\000"
 471      20756E73 
 471      69676E65 
 471      6420696E 
 471      7400
 472              	.LASF20:
 473 006f 63796669 		.ascii	"cyfitter_cfg\000"
 473      74746572 
 473      5F636667 
 473      00
 474              	.LASF9:
 475 007c 6C6F6E67 		.ascii	"long long unsigned int\000"
 475      206C6F6E 
 475      6720756E 
 475      7369676E 
 475      65642069 
 476              	.LASF12:
 477 0093 666C6F61 		.ascii	"float\000"
 477      7400
 478              	.LASF4:
 479 0099 756E7369 		.ascii	"unsigned char\000"
 479      676E6564 
 479      20636861 
 479      7200
 480              	.LASF11:
 481 00a7 63686172 		.ascii	"char\000"
 481      00
 482              	.LASF7:
 483 00ac 6C6F6E67 		.ascii	"long int\000"
 483      20696E74 
 483      00
 484              	.LASF19:
 485 00b5 436C6F63 		.ascii	"ClockSetup\000"
 485      6B536574 
 485      757000
 486              	.LASF13:
 487 00c0 646F7562 		.ascii	"double\000"
 487      6C6500
 488              	.LASF18:
 489 00c7 433A5C55 		.ascii	"C:\\Users\\mac_000\\Documents\\Git_IR_REMO\\PSoC\\D"
 489      73657273 
ARM GAS  C:\Users\mac_000\AppData\Local\Temp\ccQSCYL3.s 			page 15


 489      5C6D6163 
 489      5F303030 
 489      5C446F63 
 490 00f4 65736967 		.ascii	"esign01.cydsn\000"
 490      6E30312E 
 490      63796473 
 490      6E00
 491              	.LASF15:
 492 0102 72656733 		.ascii	"reg32\000"
 492      3200
 493              	.LASF16:
 494 0108 474E5520 		.ascii	"GNU C11 5.4.1 20160609 (release) [ARM/embedded-5-br"
 494      43313120 
 494      352E342E 
 494      31203230 
 494      31363036 
 495 013b 616E6368 		.ascii	"anch revision 237715] -mcpu=cortex-m0 -mthumb -g -O"
 495      20726576 
 495      6973696F 
 495      6E203233 
 495      37373135 
 496 016e 67202D66 		.ascii	"g -ffunction-sections -ffat-lto-objects\000"
 496      66756E63 
 496      74696F6E 
 496      2D736563 
 496      74696F6E 
 497              	.LASF6:
 498 0196 73686F72 		.ascii	"short unsigned int\000"
 498      7420756E 
 498      7369676E 
 498      65642069 
 498      6E7400
 499              	.LASF3:
 500 01a9 7369676E 		.ascii	"signed char\000"
 500      65642063 
 500      68617200 
 501              	.LASF2:
 502 01b5 6C6F6E67 		.ascii	"long double\000"
 502      20646F75 
 502      626C6500 
 503              	.LASF5:
 504 01c1 73686F72 		.ascii	"short int\000"
 504      7420696E 
 504      7400
 505              	.LASF10:
 506 01cb 73697A65 		.ascii	"sizetype\000"
 506      74797065 
 506      00
 507              		.ident	"GCC: (GNU Tools for ARM Embedded Processors) 5.4.1 20160609 (release) [ARM/embedded-5-bran
